System check starting...
Preparing loaders and cache...
Proactive Stale CAS cleanup starting...
Proactive Stale CAS cleanup: cleaning 100 kinds (timeout 2m0s)...
Proactive Stale CAS cleanup: account (1/100)...
Proactive Stale CAS cleanup: agent_architecture (2/100)...
Proactive Stale CAS cleanup: agent_feed (3/100)...
Proactive Stale CAS cleanup: agent_onboarding_preparation (4/100)...
Proactive Stale CAS cleanup: agent_skill (5/100)...
Proactive Stale CAS cleanup: agent_task (6/100)...
Proactive Stale CAS cleanup: api_spec (7/100)...
Proactive Stale CAS cleanup: auth_strategy (8/100)...
Proactive Stale CAS cleanup: base_sampler (10/100)...
Proactive Stale CAS cleanup: backlog_item (9/100)...
Proactive Stale CAS cleanup: brand (11/100)...
Proactive Stale CAS cleanup: capacity_advertisement (14/100)...
Proactive Stale CAS cleanup: bucketing_strategy (12/100)...
Proactive Stale CAS cleanup: capability (13/100)...
Proactive Stale CAS cleanup: certificate (15/100)...
Proactive Stale CAS cleanup: command_spec (16/100)...
Proactive Stale CAS cleanup: compute_advertisement (18/100)...
Proactive Stale CAS cleanup: component (17/100)...
Proactive Stale CAS cleanup: context_refresh_schedule (19/100)...
Proactive Stale CAS cleanup: corporate_initiative (21/100)...
Proactive Stale CAS cleanup: convergence_session (20/100)...
Proactive Stale CAS cleanup: criteria (22/100)...
Proactive Stale CAS cleanup: decision (23/100)...
Proactive Stale CAS cleanup: digital_asset (25/100)...
Proactive Stale CAS cleanup: department (24/100)...
Proactive Stale CAS cleanup: division (26/100)...
Proactive Stale CAS cleanup: doc_entry (27/100)...
Proactive Stale CAS cleanup: domain_registry (28/100)...
Proactive Stale CAS cleanup: fission_event (31/100)...
Proactive Stale CAS cleanup: evolution_management (29/100)...
Proactive Stale CAS cleanup: field_registry (30/100)...
Proactive Stale CAS cleanup: glossary_term (32/100)...
Proactive Stale CAS cleanup: glossary_term_relation (33/100)...
Proactive Stale CAS cleanup: goal (34/100)...
Proactive Stale CAS cleanup: import_tracking (35/100)...
Proactive Stale CAS cleanup: inference_heuristic (37/100)...
Proactive Stale CAS cleanup: important_date (36/100)...
Proactive Stale CAS cleanup: keystore_entry (38/100)...
Proactive Stale CAS cleanup: kind_synonym (39/100)...
Proactive Stale CAS cleanup: list_metric_sampler (41/100)...
Proactive Stale CAS cleanup: library (40/100)...
Proactive Stale CAS cleanup: mcp_spec (42/100)...
Proactive Stale CAS cleanup: metrics_feedback (44/100)...
Proactive Stale CAS cleanup: metadata_package (43/100)...
Proactive Stale CAS cleanup: milestone (45/100)...
Proactive Stale CAS cleanup: mission (46/100)...
Proactive Stale CAS cleanup: namespace (47/100)...
Proactive Stale CAS cleanup: namespace_registry (48/100)...
Proactive Stale CAS cleanup: object_spec (49/100)...
Proactive Stale CAS cleanup: ordered_list_metric_sampler (50/100)...
Proactive Stale CAS cleanup: organization (51/100)...
Proactive Stale CAS cleanup: organizational_change (52/100)...
Proactive Stale CAS cleanup: partnership (53/100)...
Proactive Stale CAS cleanup: persona (54/100)...
Proactive Stale CAS cleanup: pipeline (55/100)...
Proactive Stale CAS cleanup: pipeline_definition (56/100)...
Proactive Stale CAS cleanup: pipeline_stage (58/100)...
Proactive Stale CAS cleanup: pipeline_execution (57/100)...
Proactive Stale CAS cleanup: policy (59/100)...
Proactive Stale CAS cleanup: priority_plan (60/100)...
Proactive Stale CAS cleanup: process_hygiene_rule (61/100)...
Proactive Stale CAS cleanup: provider_profile (63/100)...
Proactive Stale CAS cleanup: prompt_template (62/100)...
Proactive Stale CAS cleanup: qa_success (64/100)...
Proactive Stale CAS cleanup: question (65/100)...
Proactive Stale CAS cleanup: remote_kernel (67/100)...
Proactive Stale CAS cleanup: release (66/100)...
Proactive Stale CAS cleanup: requirement (68/100)...
Proactive Stale CAS cleanup: resolver (69/100)...
Proactive Stale CAS cleanup: risk_blocker (70/100)...
Proactive Stale CAS cleanup: roadmap (71/100)...
Proactive Stale CAS cleanup: role (72/100)...
Proactive Stale CAS cleanup: rollback_report (73/100)...
Proactive Stale CAS cleanup: sampler_profile (75/100)...
Proactive Stale CAS cleanup: scalar_metric_sampler (76/100)...
Proactive Stale CAS cleanup: rule (74/100)...
Proactive Stale CAS cleanup: scenario (77/100)...
Proactive Stale CAS cleanup: scheduler_handler_binding (78/100)...
Proactive Stale CAS cleanup: shockwave_router (79/100)...
Proactive Stale CAS cleanup: status_history_metric_sampler (81/100)...
Proactive Stale CAS cleanup: stakeholder_profile (80/100)...
Proactive Stale CAS cleanup: strategic_context (82/100)...
Proactive Stale CAS cleanup: strategic_plan (83/100)...
Proactive Stale CAS cleanup: team (84/100)...
Proactive Stale CAS cleanup: team_configuration (85/100)...
Proactive Stale CAS cleanup: technical_debt (86/100)...
Proactive Stale CAS cleanup: technical_spec (87/100)...
Proactive Stale CAS cleanup: template (88/100)...
Proactive Stale CAS cleanup: test_case (89/100)...
Proactive Stale CAS cleanup: translation_manifest (91/100)...
Proactive Stale CAS cleanup: test_command_rule (90/100)...
Proactive Stale CAS cleanup: validation_rule (92/100)...
Proactive Stale CAS cleanup: visual_plan (94/100)...
Proactive Stale CAS cleanup: vision (93/100)...
Proactive Stale CAS cleanup: vitality_report (95/100)...
Proactive Stale CAS cleanup: vocabulary_scheme (96/100)...
Proactive Stale CAS cleanup: watchdog_registration (97/100)...
Proactive Stale CAS cleanup: workflow (98/100)...
Proactive Stale CAS cleanup: workstream (99/100)...
Proactive Stale CAS cleanup: workstream_transition (100/100)...
Loaders starting...
Loaders ready.
Loading object ID cache...
Warming CAS indexes...
Merging CAS indexes for 46 kinds...
CAS indexes warmed
Cache ready, starting validator...
Discovery starting...
Starting discovery across 100 kinds...
Validating 8967 objects (from docs/process/ via object ID cache)...
Progress: [==                                                ] 4.4% (395/8967, queue: 8555) 391/s (validating, workers: 16, goroutines: 18) - 1s
Progress: [===                                               ] 6.4% (574/8967, queue: 8364) 285/s (validating, workers: 16, goroutines: 30) - 2s
Progress: [===                                               ] 7.4% (663/8967, queue: 8288) 220/s (validating, workers: 16, goroutines: 17) - 3s
Progress: [====                                              ] 8.5% (762/8967, queue: 8189) 190/s (validating, workers: 16, goroutines: 17) - 4s
Progress: [====                                              ] 9.1% (818/8967, queue: 8132) 163/s (validating, workers: 16, goroutines: 18) - 5s
Progress: [====                                              ] 9.8% (882/8967, queue: 8069) 147/s (validating, workers: 16, goroutines: 17) - 6s
Progress: [=====                                             ] 10.6% (953/8967, queue: 7998) 136/s (validating, workers: 16, goroutines: 17) - 7s
Progress: [=====                                             ] 11.4% (1025/8967, queue: 7925) 128/s (validating, workers: 16, goroutines: 18) - 8s
Progress: [=====                                             ] 12.0% (1075/8967, queue: 7876) 119/s (validating, workers: 16, goroutines: 17) - 9s
Progress: [======                                            ] 12.4% (1108/8967, queue: 7843) 111/s (validating, workers: 16, goroutines: 17) - 10s
Progress: [======                                            ] 12.6% (1134/8967, queue: 7817) 103/s (validating, workers: 16, goroutines: 17) - 11s
Progress: [======                                            ] 13.0% (1163/8967, queue: 7788) 97/s (validating, workers: 16, goroutines: 17) - 12s
Progress: [======                                            ] 13.4% (1199/8967, queue: 7752) 92/s (validating, workers: 16, goroutines: 17) - 13s
Progress: [======                                            ] 13.7% (1229/8967, queue: 7722) 88/s (validating, workers: 16, goroutines: 17) - 14s
Progress: [======                                            ] 13.9% (1250/8967, queue: 7701) 83/s (validating, workers: 16, goroutines: 17) - 15s
Progress: [=======                                           ] 14.2% (1273/8967, queue: 7678) 80/s (validating, workers: 16, goroutines: 17) - 16s
Progress: [=======                                           ] 14.7% (1317/8967, queue: 7634) 77/s (validating, workers: 16, goroutines: 17) - 17s
Progress: [=======                                           ] 15.3% (1370/8967, queue: 7581) 76/s (validating, workers: 16, goroutines: 17) - 18s
Progress: [=======                                           ] 15.6% (1396/8967, queue: 7555) 73/s (validating, workers: 16, goroutines: 17) - 19s
Progress: [=======                                           ] 16.0% (1432/8967, queue: 7518) 72/s (validating, workers: 16, goroutines: 18) - 20s
Progress: [========                                          ] 16.4% (1472/8967, queue: 7479) 70/s (validating, workers: 16, goroutines: 17) - 21s
Progress: [========                                          ] 17.0% (1525/8967, queue: 7425) 69/s (validating, workers: 16, goroutines: 18) - 22s
Progress: [========                                          ] 17.7% (1589/8967, queue: 7361) 69/s (validating, workers: 16, goroutines: 18) - 23s
Progress: [=========                                         ] 18.5% (1657/8967, queue: 7294) 69/s (validating, workers: 16, goroutines: 17) - 24s
Progress: [=========                                         ] 19.5% (1748/8967, queue: 7203) 70/s (validating, workers: 16, goroutines: 17) - 25s
Progress: [==========                                        ] 20.9% (1876/8967, queue: 7074) 72/s (validating, workers: 16, goroutines: 18) - 26s
Progress: [============                                      ] 25.0% (2245/8967, queue: 6706) 83/s (validating, workers: 16, goroutines: 17) - 27s
Progress: [===============                                   ] 31.8% (2853/8967, queue: 6097) 102/s (validating, workers: 16, goroutines: 18) - 28s
Progress: [===================                               ] 39.2% (3512/8967, queue: 5435) 121/s (validating, workers: 16, goroutines: 21) - 29s
Progress: [======================                            ] 44.2% (3962/8967, queue: 4988) 132/s (validating, workers: 16, goroutines: 18) - 30s
Progress: [=========================                         ] 50.1% (4496/8967, queue: 4454) 145/s (validating, workers: 16, goroutines: 18) - 31s
Progress: [===========================                       ] 55.3% (4957/8967, queue: 3994) 155/s (validating, workers: 16, goroutines: 17) - 32s
Progress: [===============================                   ] 62.5% (5600/8967, queue: 3330) 170/s (validating, workers: 16, goroutines: 26) - 33s
Progress: [===================================               ] 70.3% (6304/8967, queue: 2647) 185/s (validating, workers: 16, goroutines: 17) - 34s
Progress: [=======================================           ] 78.0% (6998/8967, queue: 1953) 200/s (validating, workers: 16, goroutines: 17) - 35s
Progress: [==========================================        ] 85.0% (7618/8967, queue: 1322) 212/s (validating, workers: 16, goroutines: 26) - 36s
Progress: [============================================      ] 88.3% (7917/8967, queue: 1033) 214/s (validating, workers: 16, goroutines: 18) - 37s
Progress: [==============================================    ] 93.2% (8360/8967, queue: 591) 220/s (validating, workers: 16, goroutines: 17) - 38s
Progress: [================================================= ] 99.8% (8952/8967, queue: 0) 230/s (draining in-flight, workers: 16) - 39s
Progress: [================================================= ] 99.9% (8960/8967, queue: 0) 230/s (draining in-flight, workers: 16) - 39s
Progress: [==================================================] 100.0% (8967/8967, queue: 0) 218/s (completed) - 41s

Validation completed: 8967/8967 objects (8967 succeeded, 0 failed)
