2026-09-05T07:18:52Z [info] initiate duration_ms=0 event=info event_type=initiate is_critical=false pending_count=0 queue_name=cas_orphan_cleanup_queue
2026-09-05T07:18:52Z [info] initiate duration_ms=0 event=info event_type=initiate is_critical=true pending_count=0 queue_name=listing_index_write_queue
2026-09-05T07:18:52Z [info] initiate duration_ms=0 event=info event_type=initiate is_critical=true pending_count=0 queue_name=io_queue_manager
2026-09-05T07:18:52Z [info] initiate duration_ms=0 event=info event_type=initiate is_critical=true pending_count=0 queue_name=hash_registry_manager
2026-09-05T07:18:52Z [info] initiate duration_ms=0 event=info event_type=initiate is_critical=false pending_count=0 queue_name=id_generation_queue_manager
2026-09-05T07:18:52Z [info] initiate duration_ms=0 event=info event_type=initiate is_critical=true pending_count=0 queue_name=hash_registry_manager
2026-09-05T07:18:52Z [info] drain_complete duration_ms=0 event=info event_type=drain_complete is_critical=true pending_count=0 queue_name=listing_index_write_queue
2026-09-05T07:18:52Z [info] initiate duration_ms=0 event=info event_type=initiate is_critical=true pending_count=0 queue_name=io_queue_manager
2026-09-05T07:18:52Z [info] initiate duration_ms=0 event=info event_type=initiate is_critical=true pending_count=0 queue_name=listing_index_write_queue
2026-09-05T07:18:52Z [info] drain_start duration_ms=0 event=info event_type=drain_start is_critical=true pending_count=0 queue_name=hash_registry_manager
2026-09-05T07:18:52Z [info] drain_complete duration_ms=0 event=info event_type=drain_complete is_critical=true pending_count=0 queue_name=hash_registry_manager
2026-09-05T07:18:52Z [info] drain_start duration_ms=0 event=info event_type=drain_start is_critical=false pending_count=0 queue_name=id_generation_queue_manager
2026-09-05T07:18:52Z [info] drain_complete duration_ms=0 event=info event_type=drain_complete is_critical=false pending_count=0 queue_name=id_generation_queue_manager
2026-09-05T07:18:52Z [info] drain_complete duration_ms=0 event=info event_type=drain_complete is_critical=true pending_count=0 queue_name=listing_index_write_queue
2026-09-05T07:18:52Z [info] drain_complete duration_ms=0 event=info event_type=drain_complete is_critical=true pending_count=0 queue_name=io_queue_manager
2026-09-05T07:18:52Z [info] drain_start duration_ms=0 event=info event_type=drain_start is_critical=true pending_count=0 queue_name=listing_index_write_queue
2026-09-05T07:18:52Z [info] drain_complete duration_ms=0 event=info event_type=drain_complete is_critical=true pending_count=0 queue_name=hash_registry_manager
2026-09-05T07:18:52Z [info] drain_start duration_ms=0 event=info event_type=drain_start is_critical=true pending_count=0 queue_name=listing_index_write_queue
2026-09-05T07:18:52Z [info] drain_complete duration_ms=0 event=info event_type=drain_complete is_critical=true pending_count=0 queue_name=io_queue_manager
2026-09-05T07:18:52Z [info] drain_start duration_ms=0 event=info event_type=drain_start is_critical=true pending_count=0 queue_name=hash_registry_manager
2026-09-05T07:18:52Z [info] drain_start duration_ms=0 event=info event_type=drain_start is_critical=true pending_count=0 queue_name=io_queue_manager
2026-09-05T07:18:52Z [info] drain_start duration_ms=0 event=info event_type=drain_start is_critical=true pending_count=0 queue_name=io_queue_manager
2026-09-05T07:18:52Z [info] shutdown_complete duration_ms=0 event=info event_type=shutdown_complete is_critical=false pending_count=0 queue_name=all_queues
2026-09-05T07:18:52Z [info] drain_start duration_ms=0 event=info event_type=drain_start is_critical=false pending_count=0 queue_name=cas_orphan_cleanup_queue
2026-09-05T07:18:52Z [error] Command execution failed error=unauthorized: account index missing; cannot verify role+persona binding for ACC-1785920548450214006-2e52b3e7 (CRI-ACCOUNT-RBAC-READY)
2026-09-05T07:19:03Z [error] Operation failed caller_file=coordinator.go caller_line=134 error=unauthorized: account index missing; cannot verify role+persona binding for ACC-1785920548450214006-2e52b3e7 (CRI-ACCOUNT-RBAC-READY) event=error new_status=error old_status=in_progress operation_id=cli_1788592743397964000 operation_type=cli
2026-09-05T07:19:03Z [info] initiate duration_ms=0 event=info event_type=initiate is_critical=true pending_count=0 queue_name=io_queue_manager
2026-09-05T07:19:03Z [info] initiate duration_ms=0 event=info event_type=initiate is_critical=true pending_count=0 queue_name=listing_index_write_queue
2026-09-05T07:19:03Z [info] initiate duration_ms=0 event=info event_type=initiate is_critical=true pending_count=0 queue_name=hash_registry_manager
2026-09-05T07:19:03Z [info] drain_complete duration_ms=0 event=info event_type=drain_complete is_critical=true pending_count=0 queue_name=listing_index_write_queue
2026-09-05T07:19:03Z [info] initiate duration_ms=0 event=info event_type=initiate is_critical=true pending_count=0 queue_name=listing_index_write_queue
2026-09-05T07:19:03Z [info] drain_start duration_ms=0 event=info event_type=drain_start is_critical=false pending_count=0 queue_name=cas_orphan_cleanup_queue
2026-09-05T07:19:03Z [info] initiate duration_ms=0 event=info event_type=initiate is_critical=false pending_count=0 queue_name=cas_orphan_cleanup_queue
2026-09-05T07:19:03Z [info] drain_start duration_ms=0 event=info event_type=drain_start is_critical=false pending_count=0 queue_name=id_generation_queue_manager
2026-09-05T07:19:03Z [info] drain_start duration_ms=0 event=info event_type=drain_start is_critical=true pending_count=0 queue_name=hash_registry_manager
2026-09-05T07:19:03Z [info] drain_start duration_ms=0 event=info event_type=drain_start is_critical=true pending_count=0 queue_name=io_queue_manager
2026-09-05T07:19:03Z [info] drain_complete duration_ms=0 event=info event_type=drain_complete is_critical=true pending_count=0 queue_name=hash_registry_manager
2026-09-05T07:19:03Z [info] drain_start duration_ms=0 event=info event_type=drain_start is_critical=true pending_count=0 queue_name=hash_registry_manager
2026-09-05T07:19:03Z [error] Command execution failed error=unauthorized: account index missing; cannot verify role+persona binding for ACC-1785920548450214006-2e52b3e7 (CRI-ACCOUNT-RBAC-READY)
2026-09-05T07:19:13Z [error] Operation failed caller_file=coordinator.go caller_line=134 error=unauthorized: account index missing; cannot verify role+persona binding for ACC-1785920548450214006-2e52b3e7 (CRI-ACCOUNT-RBAC-READY) event=error new_status=error old_status=in_progress operation_id=cli_1788592753329842000 operation_type=cli
2026-09-05T07:19:13Z [info] initiate duration_ms=0 event=info event_type=initiate is_critical=true pending_count=0 queue_name=listing_index_write_queue
2026-09-05T07:19:13Z [info] initiate duration_ms=0 event=info event_type=initiate is_critical=false pending_count=0 queue_name=cas_orphan_cleanup_queue
2026-09-05T07:19:13Z [info] drain_complete duration_ms=0 event=info event_type=drain_complete is_critical=false pending_count=0 queue_name=cas_orphan_cleanup_queue
2026-09-05T07:19:13Z [info] drain_complete duration_ms=0 event=info event_type=drain_complete is_critical=true pending_count=0 queue_name=listing_index_write_queue
2026-09-05T07:19:13Z [info] drain_complete duration_ms=0 event=info event_type=drain_complete is_critical=true pending_count=0 queue_name=io_queue_manager
2026-09-05T07:19:13Z [info] initiate duration_ms=0 event=info event_type=initiate is_critical=true pending_count=0 queue_name=listing_index_write_queue
2026-09-05T07:19:13Z [info] drain_complete duration_ms=0 event=info event_type=drain_complete is_critical=false pending_count=0 queue_name=id_generation_queue_manager
2026-09-05T07:19:13Z [info] shutdown_complete duration_ms=0 event=info event_type=shutdown_complete is_critical=false pending_count=0 queue_name=all_queues
2026-09-05T07:19:13Z [info] drain_start duration_ms=0 event=info event_type=drain_start is_critical=true pending_count=0 queue_name=hash_registry_manager
2026-09-05T07:19:13Z [info] drain_start duration_ms=0 event=info event_type=drain_start is_critical=true pending_count=0 queue_name=io_queue_manager
2026-09-05T07:19:13Z [info] drain_complete duration_ms=0 event=info event_type=drain_complete is_critical=true pending_count=0 queue_name=hash_registry_manager
2026-09-05T07:19:13Z [info] drain_start duration_ms=0 event=info event_type=drain_start is_critical=true pending_count=0 queue_name=hash_registry_manager
2026-09-05T07:19:13Z [info] drain_start duration_ms=0 event=info event_type=drain_start is_critical=false pending_count=0 queue_name=id_generation_queue_manager
2026-09-05T07:19:13Z [info] drain_complete duration_ms=0 event=info event_type=drain_complete is_critical=true pending_count=0 queue_name=io_queue_manager
2026-09-05T07:19:13Z [info] drain_start duration_ms=0 event=info event_type=drain_start is_critical=true pending_count=0 queue_name=listing_index_write_queue
2026-09-05T07:19:13Z [info] initiate duration_ms=0 event=info event_type=initiate is_critical=true pending_count=0 queue_name=hash_registry_manager
2026-09-05T07:19:13Z [info] drain_complete duration_ms=0 event=info event_type=drain_complete is_critical=true pending_count=0 queue_name=listing_index_write_queue
2026-09-05T07:19:13Z [info] drain_start duration_ms=0 event=info event_type=drain_start is_critical=true pending_count=0 queue_name=listing_index_write_queue
2026-09-05T07:19:13Z [error] Command execution failed error=unauthorized: account index missing; cannot verify role+persona binding for ACC-1785920548450214006-2e52b3e7 (CRI-ACCOUNT-RBAC-READY)
2026-09-05T07:19:24Z [error] Operation failed caller_file=coordinator.go caller_line=134 error=unauthorized: account index missing; cannot verify role+persona binding for ACC-1785920548450214006-2e52b3e7 (CRI-ACCOUNT-RBAC-READY) event=error new_status=error old_status=in_progress operation_id=cli_1788592764091590000 operation_type=cli
2026-09-05T07:19:24Z [info] initiate duration_ms=0 event=info event_type=initiate is_critical=true pending_count=0 queue_name=listing_index_write_queue
2026-09-05T07:19:24Z [info] initiate duration_ms=0 event=info event_type=initiate is_critical=false pending_count=0 queue_name=cas_orphan_cleanup_queue
2026-09-05T07:19:24Z [info] drain_start duration_ms=0 event=info event_type=drain_start is_critical=true pending_count=0 queue_name=hash_registry_manager
2026-09-05T07:19:24Z [info] drain_complete duration_ms=0 event=info event_type=drain_complete is_critical=true pending_count=0 queue_name=hash_registry_manager
2026-09-05T07:19:24Z [info] drain_complete duration_ms=0 event=info event_type=drain_complete is_critical=false pending_count=0 queue_name=id_generation_queue_manager
2026-09-05T07:19:24Z [info] drain_start duration_ms=0 event=info event_type=drain_start is_critical=true pending_count=0 queue_name=hash_registry_manager
2026-09-05T07:19:24Z [info] drain_complete duration_ms=0 event=info event_type=drain_complete is_critical=false pending_count=0 queue_name=cas_orphan_cleanup_queue
2026-09-05T07:19:24Z [info] drain_complete duration_ms=0 event=info event_type=drain_complete is_critical=true pending_count=0 queue_name=hash_registry_manager
2026-09-05T07:19:24Z [info] drain_start duration_ms=0 event=info event_type=drain_start is_critical=false pending_count=0 queue_name=id_generation_queue_manager
2026-09-05T07:19:24Z [info] initiate duration_ms=0 event=info event_type=initiate is_critical=true pending_count=0 queue_name=io_queue_manager
2026-09-05T07:19:24Z [info] drain_complete duration_ms=0 event=info event_type=drain_complete is_critical=true pending_count=0 queue_name=listing_index_write_queue
2026-09-05T07:19:24Z [info] initiate duration_ms=0 event=info event_type=initiate is_critical=true pending_count=0 queue_name=io_queue_manager
2026-09-05T07:19:24Z [info] drain_start duration_ms=0 event=info event_type=drain_start is_critical=true pending_count=0 queue_name=listing_index_write_queue
2026-09-05T07:19:24Z [info] initiate duration_ms=0 event=info event_type=initiate is_critical=true pending_count=0 queue_name=hash_registry_manager
2026-09-05T07:19:24Z [info] drain_start duration_ms=0 event=info event_type=drain_start is_critical=false pending_count=0 queue_name=cas_orphan_cleanup_queue
2026-09-05T07:19:24Z [info] drain_start duration_ms=0 event=info event_type=drain_start is_critical=true pending_count=0 queue_name=listing_index_write_queue
2026-09-05T07:19:24Z [info] drain_complete duration_ms=0 event=info event_type=drain_complete is_critical=true pending_count=0 queue_name=io_queue_manager
2026-09-05T07:19:24Z [info] initiate duration_ms=0 event=info event_type=initiate is_critical=true pending_count=0 queue_name=listing_index_write_queue
2026-09-05T07:19:24Z [info] drain_complete duration_ms=0 event=info event_type=drain_complete is_critical=true pending_count=0 queue_name=io_queue_manager
2026-09-05T07:19:24Z [info] initiate duration_ms=0 event=info event_type=initiate is_critical=false pending_count=0 queue_name=id_generation_queue_manager
2026-09-05T07:19:24Z [info] initiate duration_ms=0 event=info event_type=initiate is_critical=true pending_count=0 queue_name=hash_registry_manager
2026-09-05T07:19:24Z [info] drain_start duration_ms=0 event=info event_type=drain_start is_critical=true pending_count=0 queue_name=io_queue_manager
2026-09-05T07:19:24Z [info] drain_complete duration_ms=0 event=info event_type=drain_complete is_critical=true pending_count=0 queue_name=listing_index_write_queue
2026-09-05T07:19:24Z [error] Command execution failed error=unauthorized: account index missing; cannot verify role+persona binding for ACC-1785920548450214006-2e52b3e7 (CRI-ACCOUNT-RBAC-READY)
2026-09-05T07:19:34Z [error] Operation failed caller_file=coordinator.go caller_line=134 error=unauthorized: account index missing; cannot verify role+persona binding for ACC-1785920548450214006-2e52b3e7 (CRI-ACCOUNT-RBAC-READY) event=error new_status=error old_status=in_progress operation_id=cli_1788592774943113000 operation_type=cli
2026-09-05T07:19:34Z [info] initiate duration_ms=0 event=info event_type=initiate is_critical=true pending_count=0 queue_name=listing_index_write_queue
2026-09-05T07:19:34Z [info] initiate duration_ms=0 event=info event_type=initiate is_critical=true pending_count=0 queue_name=listing_index_write_queue
2026-09-05T07:19:34Z [info] initiate duration_ms=0 event=info event_type=initiate is_critical=true pending_count=0 queue_name=io_queue_manager
2026-09-05T07:19:34Z [info] drain_complete duration_ms=0 event=info event_type=drain_complete is_critical=true pending_count=0 queue_name=io_queue_manager
2026-09-05T07:19:34Z [info] initiate duration_ms=0 event=info event_type=initiate is_critical=true pending_count=0 queue_name=io_queue_manager
2026-09-05T07:19:34Z [info] drain_start duration_ms=0 event=info event_type=drain_start is_critical=false pending_count=0 queue_name=id_generation_queue_manager
2026-09-05T07:19:34Z [info] drain_start duration_ms=0 event=info event_type=drain_start is_critical=true pending_count=0 queue_name=io_queue_manager
2026-09-05T07:19:34Z [info] drain_start duration_ms=0 event=info event_type=drain_start is_critical=true pending_count=0 queue_name=listing_index_write_queue
2026-09-05T07:19:34Z [info] drain_complete duration_ms=0 event=info event_type=drain_complete is_critical=true pending_count=0 queue_name=listing_index_write_queue
2026-09-05T07:19:34Z [info] drain_complete duration_ms=0 event=info event_type=drain_complete is_critical=false pending_count=0 queue_name=cas_orphan_cleanup_queue
2026-09-05T07:19:34Z [info] drain_start duration_ms=0 event=info event_type=drain_start is_critical=true pending_count=0 queue_name=io_queue_manager
2026-09-05T07:19:34Z [info] drain_complete duration_ms=0 event=info event_type=drain_complete is_critical=true pending_count=0 queue_name=hash_registry_manager
2026-09-05T07:19:34Z [info] drain_start duration_ms=0 event=info event_type=drain_start is_critical=false pending_count=0 queue_name=cas_orphan_cleanup_queue
2026-09-05T07:19:34Z [info] initiate duration_ms=0 event=info event_type=initiate is_critical=true pending_count=0 queue_name=hash_registry_manager
2026-09-05T07:19:34Z [info] drain_complete duration_ms=0 event=info event_type=drain_complete is_critical=true pending_count=0 queue_name=listing_index_write_queue
2026-09-05T07:19:34Z [info] drain_start duration_ms=0 event=info event_type=drain_start is_critical=true pending_count=0 queue_name=listing_index_write_queue
2026-09-05T07:19:34Z [info] drain_complete duration_ms=0 event=info event_type=drain_complete is_critical=true pending_count=0 queue_name=hash_registry_manager
2026-09-05T07:19:34Z [info] drain_complete duration_ms=0 event=info event_type=drain_complete is_critical=false pending_count=0 queue_name=id_generation_queue_manager
2026-09-05T07:19:34Z [info] drain_start duration_ms=0 event=info event_type=drain_start is_critical=true pending_count=0 queue_name=hash_registry_manager
2026-09-05T07:19:34Z [info] drain_start duration_ms=0 event=info event_type=drain_start is_critical=true pending_count=0 queue_name=hash_registry_manager
2026-09-05T07:19:34Z [info] initiate duration_ms=0 event=info event_type=initiate is_critical=false pending_count=0 queue_name=cas_orphan_cleanup_queue
2026-09-05T07:19:34Z [info] initiate duration_ms=0 event=info event_type=initiate is_critical=false pending_count=0 queue_name=id_generation_queue_manager
2026-09-05T07:19:34Z [info] drain_complete duration_ms=0 event=info event_type=drain_complete is_critical=true pending_count=0 queue_name=io_queue_manager
2026-09-05T07:19:34Z [error] Command execution failed error=unauthorized: account index missing; cannot verify role+persona binding for ACC-1785920548450214006-2e52b3e7 (CRI-ACCOUNT-RBAC-READY)
2026-09-05T07:19:45Z [error] Operation failed caller_file=coordinator.go caller_line=134 error=unauthorized: account index missing; cannot verify role+persona binding for ACC-1785920548450214006-2e52b3e7 (CRI-ACCOUNT-RBAC-READY) event=error new_status=error old_status=in_progress operation_id=cli_1788592785747234000 operation_type=cli
2026-09-05T07:19:45Z [info] initiate duration_ms=0 event=info event_type=initiate is_critical=true pending_count=0 queue_name=io_queue_manager
2026-09-05T07:19:45Z [info] initiate duration_ms=0 event=info event_type=initiate is_critical=true pending_count=0 queue_name=listing_index_write_queue
2026-09-05T07:19:45Z [info] initiate duration_ms=0 event=info event_type=initiate is_critical=true pending_count=0 queue_name=listing_index_write_queue
2026-09-05T07:19:45Z [info] initiate duration_ms=0 event=info event_type=initiate is_critical=true pending_count=0 queue_name=hash_registry_manager
2026-09-05T07:19:45Z [info] initiate duration_ms=0 event=info event_type=initiate is_critical=true pending_count=0 queue_name=io_queue_manager
2026-09-05T07:19:45Z [info] initiate duration_ms=0 event=info event_type=initiate is_critical=false pending_count=0 queue_name=cas_orphan_cleanup_queue
2026-09-05T07:19:45Z [info] initiate duration_ms=0 event=info event_type=initiate is_critical=false pending_count=0 queue_name=id_generation_queue_manager
2026-09-05T07:19:45Z [info] drain_complete duration_ms=0 event=info event_type=drain_complete is_critical=true pending_count=0 queue_name=hash_registry_manager
2026-09-05T07:19:45Z [info] drain_complete duration_ms=0 event=info event_type=drain_complete is_critical=true pending_count=0 queue_name=listing_index_write_queue
2026-09-05T07:19:45Z [info] initiate duration_ms=0 event=info event_type=initiate is_critical=true pending_count=0 queue_name=hash_registry_manager
2026-09-05T07:19:45Z [info] drain_complete duration_ms=0 event=info event_type=drain_complete is_critical=true pending_count=0 queue_name=listing_index_write_queue
2026-09-05T07:19:45Z [info] drain_start duration_ms=0 event=info event_type=drain_start is_critical=true pending_count=0 queue_name=hash_registry_manager
2026-09-05T07:19:45Z [info] drain_complete duration_ms=0 event=info event_type=drain_complete is_critical=false pending_count=0 queue_name=cas_orphan_cleanup_queue
2026-09-05T07:19:45Z [error] Command execution failed error=unauthorized: account index missing; cannot verify role+persona binding for ACC-1785920548450214006-2e52b3e7 (CRI-ACCOUNT-RBAC-READY)
2026-09-05T07:19:56Z [error] Operation failed caller_file=coordinator.go caller_line=134 error=unauthorized: account index missing; cannot verify role+persona binding for ACC-1785920548450214006-2e52b3e7 (CRI-ACCOUNT-RBAC-READY) event=error new_status=error old_status=in_progress operation_id=cli_1788592796659887000 operation_type=cli
2026-09-05T07:19:56Z [info] initiate duration_ms=0 event=info event_type=initiate is_critical=false pending_count=0 queue_name=cas_orphan_cleanup_queue
2026-09-05T07:19:56Z [info] drain_complete duration_ms=0 event=info event_type=drain_complete is_critical=false pending_count=0 queue_name=cas_orphan_cleanup_queue
2026-09-05T07:19:56Z [info] initiate duration_ms=0 event=info event_type=initiate is_critical=true pending_count=0 queue_name=hash_registry_manager
2026-09-05T07:19:56Z [info] initiate duration_ms=0 event=info event_type=initiate is_critical=false pending_count=0 queue_name=id_generation_queue_manager
2026-09-05T07:19:56Z [info] initiate duration_ms=0 event=info event_type=initiate is_critical=true pending_count=0 queue_name=hash_registry_manager
2026-09-05T07:19:56Z [info] drain_start duration_ms=0 event=info event_type=drain_start is_critical=false pending_count=0 queue_name=cas_orphan_cleanup_queue
2026-09-05T07:19:56Z [info] initiate duration_ms=0 event=info event_type=initiate is_critical=true pending_count=0 queue_name=io_queue_manager
2026-09-05T07:19:56Z [info] drain_complete duration_ms=0 event=info event_type=drain_complete is_critical=true pending_count=0 queue_name=listing_index_write_queue
2026-09-05T07:19:56Z [info] initiate duration_ms=0 event=info event_type=initiate is_critical=true pending_count=0 queue_name=io_queue_manager
2026-09-05T07:19:56Z [info] initiate duration_ms=0 event=info event_type=initiate is_critical=true pending_count=0 queue_name=listing_index_write_queue
2026-09-05T07:19:56Z [info] initiate duration_ms=0 event=info event_type=initiate is_critical=true pending_count=0 queue_name=listing_index_write_queue
2026-09-05T07:19:56Z [error] Command execution failed error=unauthorized: account index missing; cannot verify role+persona binding for ACC-1785920548450214006-2e52b3e7 (CRI-ACCOUNT-RBAC-READY)
2026-09-05T07:20:07Z [error] Operation failed caller_file=coordinator.go caller_line=134 error=unauthorized: account index missing; cannot verify role+persona binding for ACC-1785920548450214006-2e52b3e7 (CRI-ACCOUNT-RBAC-READY) event=error new_status=error old_status=in_progress operation_id=cli_1788592807525493000 operation_type=cli
2026-09-05T07:20:07Z [info] initiate duration_ms=0 event=info event_type=initiate is_critical=false pending_count=0 queue_name=cas_orphan_cleanup_queue
2026-09-05T07:20:07Z [info] initiate duration_ms=0 event=info event_type=initiate is_critical=true pending_count=0 queue_name=io_queue_manager
2026-09-05T07:20:07Z [info] initiate duration_ms=0 event=info event_type=initiate is_critical=true pending_count=0 queue_name=hash_registry_manager
2026-09-05T07:20:07Z [info] initiate duration_ms=0 event=info event_type=initiate is_critical=false pending_count=0 queue_name=id_generation_queue_manager
2026-09-05T07:20:07Z [info] initiate duration_ms=0 event=info event_type=initiate is_critical=true pending_count=0 queue_name=hash_registry_manager
2026-09-05T07:20:07Z [info] initiate duration_ms=0 event=info event_type=initiate is_critical=true pending_count=0 queue_name=listing_index_write_queue
2026-09-05T07:20:07Z [info] drain_start duration_ms=0 event=info event_type=drain_start is_critical=false pending_count=0 queue_name=cas_orphan_cleanup_queue
2026-09-05T07:20:07Z [info] initiate duration_ms=0 event=info event_type=initiate is_critical=true pending_count=0 queue_name=io_queue_manager
2026-09-05T07:20:07Z [info] drain_complete duration_ms=0 event=info event_type=drain_complete is_critical=true pending_count=0 queue_name=listing_index_write_queue
2026-09-05T07:20:07Z [info] drain_start duration_ms=0 event=info event_type=drain_start is_critical=true pending_count=0 queue_name=hash_registry_manager
2026-09-05T07:20:07Z [info] drain_complete duration_ms=0 event=info event_type=drain_complete is_critical=true pending_count=0 queue_name=hash_registry_manager
2026-09-05T07:20:07Z [info] drain_complete duration_ms=0 event=info event_type=drain_complete is_critical=true pending_count=0 queue_name=hash_registry_manager
2026-09-05T07:20:07Z [info] drain_start duration_ms=0 event=info event_type=drain_start is_critical=true pending_count=0 queue_name=listing_index_write_queue
2026-09-05T07:20:07Z [info] drain_complete duration_ms=0 event=info event_type=drain_complete is_critical=true pending_count=0 queue_name=io_queue_manager
2026-09-05T07:20:07Z [info] drain_start duration_ms=0 event=info event_type=drain_start is_critical=true pending_count=0 queue_name=io_queue_manager
2026-09-05T07:20:07Z [info] drain_start duration_ms=0 event=info event_type=drain_start is_critical=false pending_count=0 queue_name=id_generation_queue_manager
2026-09-05T07:20:07Z [info] drain_start duration_ms=0 event=info event_type=drain_start is_critical=true pending_count=0 queue_name=io_queue_manager
2026-09-05T07:20:07Z [info] drain_complete duration_ms=0 event=info event_type=drain_complete is_critical=true pending_count=0 queue_name=io_queue_manager
2026-09-05T07:20:07Z [info] drain_complete duration_ms=0 event=info event_type=drain_complete is_critical=false pending_count=0 queue_name=id_generation_queue_manager
2026-09-05T07:20:07Z [info] drain_start duration_ms=0 event=info event_type=drain_start is_critical=true pending_count=0 queue_name=hash_registry_manager
2026-09-05T07:20:07Z [info] shutdown_complete duration_ms=0 event=info event_type=shutdown_complete is_critical=false pending_count=0 queue_name=all_queues
2026-09-05T07:20:07Z [info] drain_complete duration_ms=0 event=info event_type=drain_complete is_critical=true pending_count=0 queue_name=listing_index_write_queue
2026-09-05T07:20:07Z [info] drain_start duration_ms=0 event=info event_type=drain_start is_critical=true pending_count=0 queue_name=listing_index_write_queue
2026-09-05T07:20:07Z [info] drain_complete duration_ms=0 event=info event_type=drain_complete is_critical=false pending_count=0 queue_name=cas_orphan_cleanup_queue
2026-09-05T07:20:07Z [info] initiate duration_ms=0 event=info event_type=initiate is_critical=true pending_count=0 queue_name=listing_index_write_queue
2026-09-05T07:20:07Z [error] Command execution failed error=unauthorized: account index missing; cannot verify role+persona binding for ACC-1785920548450214006-2e52b3e7 (CRI-ACCOUNT-RBAC-READY)
2026-09-05T07:20:18Z [error] Operation failed caller_file=coordinator.go caller_line=134 error=unauthorized: account index missing; cannot verify role+persona binding for ACC-1785920548450214006-2e52b3e7 (CRI-ACCOUNT-RBAC-READY) event=error new_status=error old_status=in_progress operation_id=cli_1788592818390574000 operation_type=cli
2026-09-05T07:20:18Z [info] initiate duration_ms=0 event=info event_type=initiate is_critical=false pending_count=0 queue_name=cas_orphan_cleanup_queue
2026-09-05T07:20:18Z [info] initiate duration_ms=0 event=info event_type=initiate is_critical=true pending_count=0 queue_name=listing_index_write_queue
2026-09-05T07:20:18Z [info] initiate duration_ms=0 event=info event_type=initiate is_critical=true pending_count=0 queue_name=io_queue_manager
2026-09-05T07:20:18Z [info] initiate duration_ms=0 event=info event_type=initiate is_critical=true pending_count=0 queue_name=io_queue_manager
2026-09-05T07:20:18Z [info] drain_complete duration_ms=0 event=info event_type=drain_complete is_critical=true pending_count=0 queue_name=listing_index_write_queue
2026-09-05T07:20:18Z [info] initiate duration_ms=0 event=info event_type=initiate is_critical=true pending_count=0 queue_name=listing_index_write_queue
2026-09-05T07:20:18Z [info] drain_complete duration_ms=0 event=info event_type=drain_complete is_critical=false pending_count=0 queue_name=cas_orphan_cleanup_queue
2026-09-05T07:20:18Z [info] initiate duration_ms=0 event=info event_type=initiate is_critical=true pending_count=0 queue_name=hash_registry_manager
2026-09-05T07:20:18Z [info] drain_complete duration_ms=0 event=info event_type=drain_complete is_critical=true pending_count=0 queue_name=hash_registry_manager
2026-09-05T07:20:18Z [info] drain_start duration_ms=0 event=info event_type=drain_start is_critical=false pending_count=0 queue_name=cas_orphan_cleanup_queue
2026-09-05T07:20:18Z [info] drain_complete duration_ms=0 event=info event_type=drain_complete is_critical=true pending_count=0 queue_name=listing_index_write_queue
2026-09-05T07:20:18Z [info] drain_complete duration_ms=0 event=info event_type=drain_complete is_critical=false pending_count=0 queue_name=id_generation_queue_manager
2026-09-05T07:20:18Z [info] drain_start duration_ms=0 event=info event_type=drain_start is_critical=false pending_count=0 queue_name=id_generation_queue_manager
2026-09-05T07:20:18Z [info] drain_complete duration_ms=0 event=info event_type=drain_complete is_critical=true pending_count=0 queue_name=hash_registry_manager
2026-09-05T07:20:18Z [info] drain_start duration_ms=0 event=info event_type=drain_start is_critical=true pending_count=0 queue_name=hash_registry_manager
2026-09-05T07:20:18Z [info] drain_start duration_ms=0 event=info event_type=drain_start is_critical=true pending_count=0 queue_name=io_queue_manager
2026-09-05T07:20:18Z [info] initiate duration_ms=0 event=info event_type=initiate is_critical=true pending_count=0 queue_name=hash_registry_manager
2026-09-05T07:20:18Z [info] drain_start duration_ms=0 event=info event_type=drain_start is_critical=true pending_count=0 queue_name=listing_index_write_queue
2026-09-05T07:20:18Z [info] drain_complete duration_ms=0 event=info event_type=drain_complete is_critical=true pending_count=0 queue_name=io_queue_manager
2026-09-05T07:20:18Z [error] Command execution failed error=unauthorized: account index missing; cannot verify role+persona binding for ACC-1785920548450214006-2e52b3e7 (CRI-ACCOUNT-RBAC-READY)
2026-09-05T07:20:29Z [error] Operation failed caller_file=coordinator.go caller_line=134 error=unauthorized: account index missing; cannot verify role+persona binding for ACC-1785920548450214006-2e52b3e7 (CRI-ACCOUNT-RBAC-READY) event=error new_status=error old_status=in_progress operation_id=cli_1788592829105469000 operation_type=cli
2026-09-05T07:20:29Z [info] initiate duration_ms=0 event=info event_type=initiate is_critical=true pending_count=0 queue_name=io_queue_manager
2026-09-05T07:20:29Z [info] initiate duration_ms=0 event=info event_type=initiate is_critical=true pending_count=0 queue_name=hash_registry_manager
2026-09-05T07:20:29Z [info] initiate duration_ms=0 event=info event_type=initiate is_critical=true pending_count=0 queue_name=hash_registry_manager
2026-09-05T07:20:29Z [info] initiate duration_ms=0 event=info event_type=initiate is_critical=false pending_count=0 queue_name=cas_orphan_cleanup_queue
2026-09-05T07:20:29Z [info] initiate duration_ms=0 event=info event_type=initiate is_critical=false pending_count=0 queue_name=id_generation_queue_manager
2026-09-05T07:20:29Z [info] initiate duration_ms=0 event=info event_type=initiate is_critical=true pending_count=0 queue_name=io_queue_manager
2026-09-05T07:20:29Z [info] drain_complete duration_ms=0 event=info event_type=drain_complete is_critical=true pending_count=0 queue_name=listing_index_write_queue
2026-09-05T07:20:29Z [info] drain_complete duration_ms=0 event=info event_type=drain_complete is_critical=true pending_count=0 queue_name=listing_index_write_queue
2026-09-05T07:20:29Z [info] drain_complete duration_ms=0 event=info event_type=drain_complete is_critical=false pending_count=0 queue_name=cas_orphan_cleanup_queue
2026-09-05T07:20:29Z [info] drain_start duration_ms=0 event=info event_type=drain_start is_critical=true pending_count=0 queue_name=listing_index_write_queue
2026-09-05T07:20:29Z [info] drain_start duration_ms=0 event=info event_type=drain_start is_critical=false pending_count=0 queue_name=cas_orphan_cleanup_queue
2026-09-05T07:20:29Z [info] initiate duration_ms=0 event=info event_type=initiate is_critical=true pending_count=0 queue_name=listing_index_write_queue
2026-09-05T07:20:29Z [info] drain_complete duration_ms=0 event=info event_type=drain_complete is_critical=true pending_count=0 queue_name=hash_registry_manager
2026-09-05T07:20:29Z [info] drain_start duration_ms=0 event=info event_type=drain_start is_critical=true pending_count=0 queue_name=listing_index_write_queue
2026-09-05T07:20:29Z [info] drain_start duration_ms=0 event=info event_type=drain_start is_critical=true pending_count=0 queue_name=io_queue_manager
2026-09-05T07:20:29Z [info] drain_complete duration_ms=0 event=info event_type=drain_complete is_critical=true pending_count=0 queue_name=io_queue_manager
2026-09-05T07:20:29Z [info] drain_start duration_ms=0 event=info event_type=drain_start is_critical=true pending_count=0 queue_name=hash_registry_manager
2026-09-05T07:20:29Z [info] drain_start duration_ms=0 event=info event_type=drain_start is_critical=true pending_count=0 queue_name=io_queue_manager
2026-09-05T07:20:29Z [info] drain_complete duration_ms=0 event=info event_type=drain_complete is_critical=true pending_count=0 queue_name=hash_registry_manager
2026-09-05T07:20:29Z [info] drain_complete duration_ms=0 event=info event_type=drain_complete is_critical=false pending_count=0 queue_name=id_generation_queue_manager
2026-09-05T07:20:29Z [info] drain_start duration_ms=0 event=info event_type=drain_start is_critical=false pending_count=0 queue_name=id_generation_queue_manager
2026-09-05T07:20:29Z [info] drain_complete duration_ms=0 event=info event_type=drain_complete is_critical=true pending_count=0 queue_name=io_queue_manager
2026-09-05T07:20:29Z [error] Command execution failed error=unauthorized: account index missing; cannot verify role+persona binding for ACC-1785920548450214006-2e52b3e7 (CRI-ACCOUNT-RBAC-READY)
2026-09-05T07:20:39Z [error] Operation failed caller_file=coordinator.go caller_line=134 error=unauthorized: failed to load account schema: stat /Users/lanceettl/zqk-restore-clone/docs/process/_internal/object_specs/account.yaml: no such file or directory event=error new_status=error old_status=in_progress operation_id=cli_1788592839210003000 operation_type=cli
2026-09-05T07:20:39Z [info] initiate duration_ms=0 event=info event_type=initiate is_critical=true pending_count=0 queue_name=listing_index_write_queue
2026-09-05T07:20:39Z [info] initiate duration_ms=0 event=info event_type=initiate is_critical=true pending_count=0 queue_name=io_queue_manager
2026-09-05T07:20:39Z [info] drain_complete duration_ms=0 event=info event_type=drain_complete is_critical=false pending_count=0 queue_name=id_generation_queue_manager
2026-09-05T07:20:39Z [info] drain_complete duration_ms=0 event=info event_type=drain_complete is_critical=true pending_count=0 queue_name=listing_index_write_queue
2026-09-05T07:20:39Z [info] initiate duration_ms=0 event=info event_type=initiate is_critical=true pending_count=0 queue_name=listing_index_write_queue
2026-09-05T07:20:39Z [info] initiate duration_ms=0 event=info event_type=initiate is_critical=true pending_count=0 queue_name=hash_registry_manager
2026-09-05T07:20:39Z [info] initiate duration_ms=0 event=info event_type=initiate is_critical=true pending_count=0 queue_name=hash_registry_manager
2026-09-05T07:20:39Z [info] initiate duration_ms=0 event=info event_type=initiate is_critical=false pending_count=0 queue_name=id_generation_queue_manager
2026-09-05T07:20:39Z [info] drain_complete duration_ms=0 event=info event_type=drain_complete is_critical=true pending_count=0 queue_name=listing_index_write_queue
2026-09-05T07:20:39Z [info] drain_complete duration_ms=0 event=info event_type=drain_complete is_critical=false pending_count=0 queue_name=cas_orphan_cleanup_queue
2026-09-05T07:20:39Z [info] drain_start duration_ms=0 event=info event_type=drain_start is_critical=false pending_count=0 queue_name=cas_orphan_cleanup_queue
2026-09-05T07:20:39Z [info] drain_complete duration_ms=0 event=info event_type=drain_complete is_critical=true pending_count=0 queue_name=hash_registry_manager
2026-09-05T07:20:39Z [info] drain_start duration_ms=0 event=info event_type=drain_start is_critical=true pending_count=0 queue_name=hash_registry_manager
2026-09-05T07:20:39Z [info] initiate duration_ms=0 event=info event_type=initiate is_critical=false pending_count=0 queue_name=cas_orphan_cleanup_queue
2026-09-05T07:20:39Z [info] initiate duration_ms=0 event=info event_type=initiate is_critical=true pending_count=0 queue_name=io_queue_manager
2026-09-05T07:20:39Z [info] drain_start duration_ms=0 event=info event_type=drain_start is_critical=true pending_count=0 queue_name=io_queue_manager
2026-09-05T07:20:39Z [info] drain_complete duration_ms=0 event=info event_type=drain_complete is_critical=true pending_count=0 queue_name=io_queue_manager
2026-09-05T07:20:39Z [info] drain_start duration_ms=0 event=info event_type=drain_start is_critical=true pending_count=0 queue_name=listing_index_write_queue
2026-09-05T07:20:39Z [info] drain_complete duration_ms=0 event=info event_type=drain_complete is_critical=true pending_count=0 queue_name=hash_registry_manager
2026-09-05T07:20:39Z [info] drain_complete duration_ms=0 event=info event_type=drain_complete is_critical=true pending_count=0 queue_name=io_queue_manager
2026-09-05T07:20:39Z [info] drain_start duration_ms=0 event=info event_type=drain_start is_critical=false pending_count=0 queue_name=id_generation_queue_manager
2026-09-05T07:20:39Z [info] drain_start duration_ms=0 event=info event_type=drain_start is_critical=true pending_count=0 queue_name=hash_registry_manager
2026-09-05T07:20:39Z [info] drain_start duration_ms=0 event=info event_type=drain_start is_critical=true pending_count=0 queue_name=io_queue_manager
2026-09-05T07:20:39Z [info] drain_start duration_ms=0 event=info event_type=drain_start is_critical=true pending_count=0 queue_name=listing_index_write_queue
2026-09-05T07:20:39Z [error] Command execution failed error=unauthorized: failed to load account schema: stat /Users/lanceettl/zqk-restore-clone/docs/process/_internal/object_specs/account.yaml: no such file or directory
2026-09-05T07:20:49Z [error] Operation failed caller_file=coordinator.go caller_line=134 error=unauthorized: failed to load account schema: stat /Users/lanceettl/zqk-restore-clone/docs/process/_internal/object_specs/account.yaml: no such file or directory event=error new_status=error old_status=in_progress operation_id=cli_1788592849306161000 operation_type=cli
2026-09-05T07:20:49Z [info] initiate duration_ms=0 event=info event_type=initiate is_critical=true pending_count=0 queue_name=listing_index_write_queue
2026-09-05T07:20:49Z [info] initiate duration_ms=0 event=info event_type=initiate is_critical=true pending_count=0 queue_name=hash_registry_manager
2026-09-05T07:20:49Z [info] initiate duration_ms=0 event=info event_type=initiate is_critical=false pending_count=0 queue_name=cas_orphan_cleanup_queue
2026-09-05T07:20:49Z [info] initiate duration_ms=0 event=info event_type=initiate is_critical=true pending_count=0 queue_name=hash_registry_manager
2026-09-05T07:20:49Z [info] drain_complete duration_ms=0 event=info event_type=drain_complete is_critical=false pending_count=0 queue_name=id_generation_queue_manager
2026-09-05T07:20:49Z [info] initiate duration_ms=0 event=info event_type=initiate is_critical=false pending_count=0 queue_name=id_generation_queue_manager
2026-09-05T07:20:49Z [error] Command execution failed error=unauthorized: failed to load account schema: stat /Users/lanceettl/zqk-restore-clone/docs/process/_internal/object_specs/account.yaml: no such file or directory
2026-09-05T07:21:04Z [error] Operation failed caller_file=coordinator.go caller_line=134 error=unauthorized: failed to load account schema: stat /Users/lanceettl/zqk-restore-clone/docs/process/_internal/object_specs/account.yaml: no such file or directory event=error new_status=error old_status=in_progress operation_id=cli_1788592859418483000 operation_type=cli
2026-09-05T07:21:04Z [info] initiate duration_ms=0 event=info event_type=initiate is_critical=true pending_count=0 queue_name=listing_index_write_queue
2026-09-05T07:21:04Z [info] initiate duration_ms=0 event=info event_type=initiate is_critical=false pending_count=0 queue_name=cas_orphan_cleanup_queue
2026-09-05T07:21:04Z [info] initiate duration_ms=0 event=info event_type=initiate is_critical=true pending_count=0 queue_name=listing_index_write_queue
2026-09-05T07:21:04Z [info] initiate duration_ms=0 event=info event_type=initiate is_critical=true pending_count=0 queue_name=io_queue_manager
2026-09-05T07:21:04Z [info] initiate duration_ms=0 event=info event_type=initiate is_critical=true pending_count=0 queue_name=io_queue_manager
2026-09-05T07:21:04Z [info] initiate duration_ms=0 event=info event_type=initiate is_critical=true pending_count=0 queue_name=hash_registry_manager
2026-09-05T07:21:04Z [info] initiate duration_ms=0 event=info event_type=initiate is_critical=true pending_count=0 queue_name=hash_registry_manager
2026-09-05T07:21:04Z [info] initiate duration_ms=0 event=info event_type=initiate is_critical=false pending_count=0 queue_name=id_generation_queue_manager
2026-09-05T07:21:04Z [info] initiate duration_ms=0 event=info event_type=initiate is_critical=false pending_count=0 queue_name=audit_event_buffer
2026-09-05T07:21:04Z [info] initiate duration_ms=0 event=info event_type=initiate is_critical=false pending_count=0 queue_name=async_validation_strategies
2026-09-05T07:21:04Z [info] drain_complete duration_ms=0 event=info event_type=drain_complete is_critical=true pending_count=0 queue_name=hash_registry_manager
2026-09-05T07:21:04Z [info] drain_complete duration_ms=0 event=info event_type=drain_complete is_critical=true pending_count=0 queue_name=hash_registry_manager
2026-09-05T07:21:04Z [info] drain_complete duration_ms=0 event=info event_type=drain_complete is_critical=true pending_count=0 queue_name=listing_index_write_queue
2026-09-05T07:21:04Z [info] drain_complete duration_ms=0 event=info event_type=drain_complete is_critical=false pending_count=0 queue_name=audit_event_buffer
2026-09-05T07:21:04Z [info] drain_complete duration_ms=0 event=info event_type=drain_complete is_critical=false pending_count=0 queue_name=id_generation_queue_manager
2026-09-05T07:21:04Z [info] drain_complete duration_ms=0 event=info event_type=drain_complete is_critical=false pending_count=0 queue_name=cas_orphan_cleanup_queue
2026-09-05T07:21:04Z [info] drain_complete duration_ms=0 event=info event_type=drain_complete is_critical=false pending_count=0 queue_name=async_validation_strategies
2026-09-05T07:21:04Z [info] drain_complete duration_ms=0 event=info event_type=drain_complete is_critical=true pending_count=0 queue_name=listing_index_write_queue
2026-09-05T07:21:04Z [info] drain_start duration_ms=0 event=info event_type=drain_start is_critical=true pending_count=0 queue_name=hash_registry_manager
2026-09-05T07:21:04Z [info] drain_start duration_ms=0 event=info event_type=drain_start is_critical=false pending_count=0 queue_name=id_generation_queue_manager
2026-09-05T07:21:04Z [info] drain_start duration_ms=0 event=info event_type=drain_start is_critical=false pending_count=0 queue_name=async_validation_strategies
2026-09-05T07:21:04Z [info] drain_start duration_ms=0 event=info event_type=drain_start is_critical=false pending_count=0 queue_name=audit_event_buffer
2026-09-05T07:21:04Z [info] drain_start duration_ms=0 event=info event_type=drain_start is_critical=true pending_count=0 queue_name=listing_index_write_queue
2026-09-05T07:21:04Z [info] drain_start duration_ms=0 event=info event_type=drain_start is_critical=false pending_count=0 queue_name=cas_orphan_cleanup_queue
2026-09-05T07:21:04Z [info] drain_start duration_ms=0 event=info event_type=drain_start is_critical=true pending_count=0 queue_name=listing_index_write_queue
2026-09-05T07:21:04Z [info] drain_start duration_ms=0 event=info event_type=drain_start is_critical=true pending_count=0 queue_name=hash_registry_manager
2026-09-05T07:21:04Z [info] drain_start duration_ms=0 event=info event_type=drain_start is_critical=true pending_count=0 queue_name=io_queue_manager
2026-09-05T07:21:04Z [error] Command execution failed error=unauthorized: failed to load account schema: stat /Users/lanceettl/zqk-restore-clone/docs/process/_internal/object_specs/account.yaml: no such file or directory
2026-09-05T07:21:09Z [error] Operation failed caller_file=coordinator.go caller_line=134 error=unauthorized: failed to load account schema: stat /Users/lanceettl/zqk-restore-clone/docs/process/_internal/object_specs/account.yaml: no such file or directory event=error new_status=error old_status=in_progress operation_id=cli_1788592869643723000 operation_type=cli
2026-09-05T07:21:09Z [info] initiate duration_ms=0 event=info event_type=initiate is_critical=false pending_count=0 queue_name=cas_orphan_cleanup_queue
2026-09-05T07:21:09Z [info] initiate duration_ms=0 event=info event_type=initiate is_critical=true pending_count=0 queue_name=listing_index_write_queue
2026-09-05T07:21:09Z [info] drain_complete duration_ms=0 event=info event_type=drain_complete is_critical=true pending_count=0 queue_name=hash_registry_manager
2026-09-05T07:21:09Z [info] drain_complete duration_ms=0 event=info event_type=drain_complete is_critical=true pending_count=0 queue_name=hash_registry_manager
2026-09-05T07:21:09Z [info] initiate duration_ms=0 event=info event_type=initiate is_critical=true pending_count=0 queue_name=hash_registry_manager
2026-09-05T07:21:09Z [info] drain_complete duration_ms=0 event=info event_type=drain_complete is_critical=false pending_count=0 queue_name=id_generation_queue_manager
2026-09-05T07:21:09Z [info] drain_complete duration_ms=0 event=info event_type=drain_complete is_critical=true pending_count=0 queue_name=listing_index_write_queue
2026-09-05T07:21:09Z [info] drain_start duration_ms=0 event=info event_type=drain_start is_critical=true pending_count=0 queue_name=hash_registry_manager
2026-09-05T07:21:09Z [info] initiate duration_ms=0 event=info event_type=initiate is_critical=true pending_count=0 queue_name=listing_index_write_queue
2026-09-05T07:21:09Z [info] drain_start duration_ms=0 event=info event_type=drain_start is_critical=true pending_count=0 queue_name=hash_registry_manager
2026-09-05T07:21:09Z [info] drain_start duration_ms=0 event=info event_type=drain_start is_critical=false pending_count=0 queue_name=id_generation_queue_manager
2026-09-05T07:21:09Z [info] drain_start duration_ms=0 event=info event_type=drain_start is_critical=true pending_count=0 queue_name=listing_index_write_queue
2026-09-05T07:21:09Z [info] initiate duration_ms=0 event=info event_type=initiate is_critical=false pending_count=0 queue_name=id_generation_queue_manager
2026-09-05T07:21:09Z [info] initiate duration_ms=0 event=info event_type=initiate is_critical=true pending_count=0 queue_name=hash_registry_manager
2026-09-05T07:21:09Z [info] drain_complete duration_ms=0 event=info event_type=drain_complete is_critical=false pending_count=0 queue_name=cas_orphan_cleanup_queue
2026-09-05T07:21:09Z [info] drain_start duration_ms=0 event=info event_type=drain_start is_critical=true pending_count=0 queue_name=listing_index_write_queue
2026-09-05T07:21:09Z [info] drain_complete duration_ms=0 event=info event_type=drain_complete is_critical=true pending_count=0 queue_name=io_queue_manager
2026-09-05T07:21:09Z [error] Command execution failed error=unauthorized: failed to load account schema: stat /Users/lanceettl/zqk-restore-clone/docs/process/_internal/object_specs/account.yaml: no such file or directory
2026-09-05T07:21:19Z [error] Operation failed caller_file=coordinator.go caller_line=134 error=unauthorized: failed to load account schema: stat /Users/lanceettl/zqk-restore-clone/docs/process/_internal/object_specs/account.yaml: no such file or directory event=error new_status=error old_status=in_progress operation_id=cli_1788592879843221000 operation_type=cli
2026-09-05T07:21:19Z [info] initiate duration_ms=0 event=info event_type=initiate is_critical=true pending_count=0 queue_name=hash_registry_manager
2026-09-05T07:21:19Z [info] initiate duration_ms=0 event=info event_type=initiate is_critical=true pending_count=0 queue_name=listing_index_write_queue
2026-09-05T07:21:19Z [info] initiate duration_ms=0 event=info event_type=initiate is_critical=false pending_count=0 queue_name=cas_orphan_cleanup_queue
2026-09-05T07:21:19Z [info] initiate duration_ms=0 event=info event_type=initiate is_critical=true pending_count=0 queue_name=listing_index_write_queue
2026-09-05T07:21:19Z [info] initiate duration_ms=0 event=info event_type=initiate is_critical=true pending_count=0 queue_name=io_queue_manager
2026-09-05T07:21:19Z [info] initiate duration_ms=0 event=info event_type=initiate is_critical=true pending_count=0 queue_name=io_queue_manager
2026-09-05T07:21:19Z [info] initiate duration_ms=0 event=info event_type=initiate is_critical=false pending_count=0 queue_name=audit_event_buffer
2026-09-05T07:21:19Z [info] initiate duration_ms=0 event=info event_type=initiate is_critical=false pending_count=0 queue_name=id_generation_queue_manager
2026-09-05T07:21:19Z [info] initiate duration_ms=0 event=info event_type=initiate is_critical=true pending_count=0 queue_name=hash_registry_manager
2026-09-05T07:21:19Z [info] drain_complete duration_ms=0 event=info event_type=drain_complete is_critical=false pending_count=0 queue_name=audit_event_buffer
2026-09-05T07:21:19Z [info] drain_start duration_ms=0 event=info event_type=drain_start is_critical=false pending_count=0 queue_name=async_validation_strategies
2026-09-05T07:21:19Z [info] drain_start duration_ms=0 event=info event_type=drain_start is_critical=false pending_count=0 queue_name=audit_event_buffer
2026-09-05T07:21:19Z [info] drain_complete duration_ms=0 event=info event_type=drain_complete is_critical=false pending_count=0 queue_name=async_validation_strategies
2026-09-05T07:21:19Z [info] drain_complete duration_ms=0 event=info event_type=drain_complete is_critical=true pending_count=0 queue_name=hash_registry_manager
2026-09-05T07:21:19Z [info] drain_complete duration_ms=0 event=info event_type=drain_complete is_critical=false pending_count=0 queue_name=cas_orphan_cleanup_queue
2026-09-05T07:21:19Z [info] drain_complete duration_ms=0 event=info event_type=drain_complete is_critical=false pending_count=0 queue_name=id_generation_queue_manager
2026-09-05T07:21:19Z [info] drain_start duration_ms=0 event=info event_type=drain_start is_critical=false pending_count=0 queue_name=cas_orphan_cleanup_queue
2026-09-05T07:21:19Z [info] drain_complete duration_ms=0 event=info event_type=drain_complete is_critical=true pending_count=0 queue_name=hash_registry_manager
2026-09-05T07:21:19Z [info] drain_start duration_ms=0 event=info event_type=drain_start is_critical=true pending_count=0 queue_name=io_queue_manager
2026-09-05T07:21:19Z [info] initiate duration_ms=0 event=info event_type=initiate is_critical=false pending_count=0 queue_name=async_validation_strategies
2026-09-05T07:21:19Z [info] drain_start duration_ms=0 event=info event_type=drain_start is_critical=true pending_count=0 queue_name=hash_registry_manager
2026-09-05T07:21:19Z [info] drain_complete duration_ms=0 event=info event_type=drain_complete is_critical=true pending_count=0 queue_name=listing_index_write_queue
2026-09-05T07:21:19Z [info] drain_start duration_ms=0 event=info event_type=drain_start is_critical=true pending_count=0 queue_name=listing_index_write_queue
2026-09-05T07:21:19Z [info] drain_complete duration_ms=0 event=info event_type=drain_complete is_critical=true pending_count=0 queue_name=listing_index_write_queue
2026-09-05T07:21:19Z [info] drain_start duration_ms=0 event=info event_type=drain_start is_critical=true pending_count=0 queue_name=hash_registry_manager
2026-09-05T07:21:19Z [info] drain_start duration_ms=0 event=info event_type=drain_start is_critical=false pending_count=0 queue_name=id_generation_queue_manager
2026-09-05T07:21:19Z [info] drain_start duration_ms=0 event=info event_type=drain_start is_critical=true pending_count=0 queue_name=io_queue_manager
2026-09-05T07:21:19Z [info] drain_start duration_ms=0 event=info event_type=drain_start is_critical=true pending_count=0 queue_name=listing_index_write_queue
2026-09-05T07:21:19Z [info] drain_complete duration_ms=0 event=info event_type=drain_complete is_critical=true pending_count=0 queue_name=io_queue_manager
2026-09-05T07:21:19Z [error] Command execution failed error=unauthorized: failed to load account schema: stat /Users/lanceettl/zqk-restore-clone/docs/process/_internal/object_specs/account.yaml: no such file or directory
2026-09-05T07:21:30Z [error] Operation failed caller_file=coordinator.go caller_line=134 error=unauthorized: failed to load account schema: stat /Users/lanceettl/zqk-restore-clone/docs/process/_internal/object_specs/account.yaml: no such file or directory event=error new_status=error old_status=in_progress operation_id=cli_1788592890030841000 operation_type=cli
2026-09-05T07:21:30Z [info] initiate duration_ms=0 event=info event_type=initiate is_critical=false pending_count=0 queue_name=cas_orphan_cleanup_queue
2026-09-05T07:21:30Z [info] initiate duration_ms=0 event=info event_type=initiate is_critical=true pending_count=0 queue_name=listing_index_write_queue
2026-09-05T07:21:30Z [info] initiate duration_ms=0 event=info event_type=initiate is_critical=true pending_count=0 queue_name=io_queue_manager
2026-09-05T07:21:30Z [info] initiate duration_ms=0 event=info event_type=initiate is_critical=true pending_count=0 queue_name=hash_registry_manager
2026-09-05T07:21:30Z [info] initiate duration_ms=0 event=info event_type=initiate is_critical=true pending_count=0 queue_name=hash_registry_manager
2026-09-05T07:21:30Z [info] initiate duration_ms=0 event=info event_type=initiate is_critical=false pending_count=0 queue_name=id_generation_queue_manager
2026-09-05T07:21:30Z [info] drain_complete duration_ms=0 event=info event_type=drain_complete is_critical=true pending_count=0 queue_name=listing_index_write_queue
2026-09-05T07:21:30Z [info] drain_complete duration_ms=0 event=info event_type=drain_complete is_critical=false pending_count=0 queue_name=id_generation_queue_manager
2026-09-05T07:21:30Z [info] drain_start duration_ms=0 event=info event_type=drain_start is_critical=true pending_count=0 queue_name=listing_index_write_queue
2026-09-05T07:21:30Z [info] drain_start duration_ms=0 event=info event_type=drain_start is_critical=false pending_count=0 queue_name=id_generation_queue_manager
2026-09-05T07:21:30Z [info] initiate duration_ms=0 event=info event_type=initiate is_critical=true pending_count=0 queue_name=listing_index_write_queue
2026-09-05T07:21:30Z [info] initiate duration_ms=0 event=info event_type=initiate is_critical=true pending_count=0 queue_name=io_queue_manager
2026-09-05T07:21:30Z [info] drain_complete duration_ms=0 event=info event_type=drain_complete is_critical=false pending_count=0 queue_name=cas_orphan_cleanup_queue
2026-09-05T07:21:30Z [info] drain_complete duration_ms=0 event=info event_type=drain_complete is_critical=true pending_count=0 queue_name=listing_index_write_queue
2026-09-05T07:21:30Z [info] drain_start duration_ms=0 event=info event_type=drain_start is_critical=false pending_count=0 queue_name=cas_orphan_cleanup_queue
2026-09-05T07:21:30Z [info] drain_start duration_ms=0 event=info event_type=drain_start is_critical=true pending_count=0 queue_name=listing_index_write_queue
2026-09-05T07:21:30Z [info] drain_complete duration_ms=0 event=info event_type=drain_complete is_critical=true pending_count=0 queue_name=hash_registry_manager
2026-09-05T07:21:30Z [info] drain_complete duration_ms=0 event=info event_type=drain_complete is_critical=true pending_count=0 queue_name=hash_registry_manager
2026-09-05T07:21:30Z [info] drain_start duration_ms=0 event=info event_type=drain_start is_critical=true pending_count=0 queue_name=hash_registry_manager
2026-09-05T07:21:30Z [error] Command execution failed error=unauthorized: failed to load account schema: stat /Users/lanceettl/zqk-restore-clone/docs/process/_internal/object_specs/account.yaml: no such file or directory
2026-09-05T07:21:40Z [error] Operation failed caller_file=coordinator.go caller_line=134 error=unauthorized: failed to load account schema: stat /Users/lanceettl/zqk-restore-clone/docs/process/_internal/object_specs/account.yaml: no such file or directory event=error new_status=error old_status=in_progress operation_id=cli_1788592900131366000 operation_type=cli
2026-09-05T07:21:40Z [info] initiate duration_ms=0 event=info event_type=initiate is_critical=true pending_count=0 queue_name=listing_index_write_queue
2026-09-05T07:21:40Z [info] initiate duration_ms=0 event=info event_type=initiate is_critical=true pending_count=0 queue_name=hash_registry_manager
2026-09-05T07:21:40Z [info] initiate duration_ms=0 event=info event_type=initiate is_critical=false pending_count=0 queue_name=id_generation_queue_manager
2026-09-05T07:21:40Z [info] initiate duration_ms=0 event=info event_type=initiate is_critical=true pending_count=0 queue_name=io_queue_manager
2026-09-05T07:21:40Z [info] initiate duration_ms=0 event=info event_type=initiate is_critical=true pending_count=0 queue_name=io_queue_manager
2026-09-05T07:21:40Z [info] initiate duration_ms=0 event=info event_type=initiate is_critical=false pending_count=0 queue_name=cas_orphan_cleanup_queue
2026-09-05T07:21:40Z [info] drain_complete duration_ms=0 event=info event_type=drain_complete is_critical=false pending_count=0 queue_name=cas_orphan_cleanup_queue
2026-09-05T07:21:40Z [info] drain_complete duration_ms=0 event=info event_type=drain_complete is_critical=true pending_count=0 queue_name=listing_index_write_queue
2026-09-05T07:21:40Z [info] drain_complete duration_ms=0 event=info event_type=drain_complete is_critical=true pending_count=0 queue_name=listing_index_write_queue
2026-09-05T07:21:40Z [info] drain_start duration_ms=0 event=info event_type=drain_start is_critical=false pending_count=0 queue_name=cas_orphan_cleanup_queue
2026-09-05T07:21:40Z [info] initiate duration_ms=0 event=info event_type=initiate is_critical=true pending_count=0 queue_name=hash_registry_manager
2026-09-05T07:21:40Z [info] drain_start duration_ms=0 event=info event_type=drain_start is_critical=true pending_count=0 queue_name=hash_registry_manager
2026-09-05T07:21:40Z [info] initiate duration_ms=0 event=info event_type=initiate is_critical=true pending_count=0 queue_name=listing_index_write_queue
2026-09-05T07:21:40Z [info] drain_start duration_ms=0 event=info event_type=drain_start is_critical=true pending_count=0 queue_name=listing_index_write_queue
2026-09-05T07:21:40Z [info] drain_start duration_ms=0 event=info event_type=drain_start is_critical=true pending_count=0 queue_name=hash_registry_manager
2026-09-05T07:21:40Z [info] drain_start duration_ms=0 event=info event_type=drain_start is_critical=true pending_count=0 queue_name=io_queue_manager
2026-09-05T07:21:40Z [info] drain_complete duration_ms=0 event=info event_type=drain_complete is_critical=true pending_count=0 queue_name=hash_registry_manager
2026-09-05T07:21:40Z [info] drain_start duration_ms=0 event=info event_type=drain_start is_critical=true pending_count=0 queue_name=listing_index_write_queue
2026-09-05T07:21:40Z [info] drain_complete duration_ms=0 event=info event_type=drain_complete is_critical=false pending_count=0 queue_name=id_generation_queue_manager
2026-09-05T07:21:40Z [info] drain_complete duration_ms=0 event=info event_type=drain_complete is_critical=true pending_count=0 queue_name=io_queue_manager
2026-09-05T07:21:40Z [info] drain_complete duration_ms=0 event=info event_type=drain_complete is_critical=true pending_count=0 queue_name=hash_registry_manager
2026-09-05T07:21:40Z [info] drain_start duration_ms=0 event=info event_type=drain_start is_critical=true pending_count=0 queue_name=io_queue_manager
2026-09-05T07:21:40Z [info] drain_start duration_ms=0 event=info event_type=drain_start is_critical=false pending_count=0 queue_name=id_generation_queue_manager
2026-09-05T07:21:40Z [info] shutdown_complete duration_ms=0 event=info event_type=shutdown_complete is_critical=false pending_count=0 queue_name=all_queues
2026-09-05T07:21:40Z [error] Command execution failed error=unauthorized: failed to load account schema: stat /Users/lanceettl/zqk-restore-clone/docs/process/_internal/object_specs/account.yaml: no such file or directory
2026-09-05T07:21:50Z [error] Operation failed caller_file=coordinator.go caller_line=134 error=unauthorized: failed to load account schema: stat /Users/lanceettl/zqk-restore-clone/docs/process/_internal/object_specs/account.yaml: no such file or directory event=error new_status=error old_status=in_progress operation_id=cli_1788592910225458000 operation_type=cli
2026-09-05T07:21:50Z [info] initiate duration_ms=0 event=info event_type=initiate is_critical=true pending_count=0 queue_name=listing_index_write_queue
2026-09-05T07:21:50Z [info] initiate duration_ms=0 event=info event_type=initiate is_critical=true pending_count=0 queue_name=listing_index_write_queue
2026-09-05T07:21:50Z [info] drain_complete duration_ms=0 event=info event_type=drain_complete is_critical=false pending_count=0 queue_name=id_generation_queue_manager
2026-09-05T07:21:50Z [info] drain_complete duration_ms=0 event=info event_type=drain_complete is_critical=true pending_count=0 queue_name=hash_registry_manager
2026-09-05T07:21:50Z [info] initiate duration_ms=0 event=info event_type=initiate is_critical=false pending_count=0 queue_name=cas_orphan_cleanup_queue
2026-09-05T07:21:50Z [info] drain_start duration_ms=0 event=info event_type=drain_start is_critical=true pending_count=0 queue_name=hash_registry_manager
2026-09-05T07:21:50Z [info] drain_complete duration_ms=0 event=info event_type=drain_complete is_critical=true pending_count=0 queue_name=io_queue_manager
2026-09-05T07:21:50Z [info] initiate duration_ms=0 event=info event_type=initiate is_critical=true pending_count=0 queue_name=hash_registry_manager
2026-09-05T07:21:50Z [info] drain_start duration_ms=0 event=info event_type=drain_start is_critical=true pending_count=0 queue_name=listing_index_write_queue
2026-09-05T07:21:50Z [info] drain_start duration_ms=0 event=info event_type=drain_start is_critical=true pending_count=0 queue_name=io_queue_manager
2026-09-05T07:21:50Z [info] drain_complete duration_ms=0 event=info event_type=drain_complete is_critical=true pending_count=0 queue_name=hash_registry_manager
2026-09-05T07:21:50Z [info] initiate duration_ms=0 event=info event_type=initiate is_critical=false pending_count=0 queue_name=id_generation_queue_manager
2026-09-05T07:21:50Z [info] drain_complete duration_ms=0 event=info event_type=drain_complete is_critical=true pending_count=0 queue_name=listing_index_write_queue
2026-09-05T07:21:50Z [info] drain_start duration_ms=0 event=info event_type=drain_start is_critical=false pending_count=0 queue_name=id_generation_queue_manager
2026-09-05T07:21:50Z [info] drain_complete duration_ms=0 event=info event_type=drain_complete is_critical=true pending_count=0 queue_name=listing_index_write_queue
2026-09-05T07:21:50Z [info] drain_start duration_ms=0 event=info event_type=drain_start is_critical=true pending_count=0 queue_name=listing_index_write_queue
2026-09-05T07:21:50Z [info] drain_complete duration_ms=0 event=info event_type=drain_complete is_critical=false pending_count=0 queue_name=cas_orphan_cleanup_queue
2026-09-05T07:21:50Z [info] initiate duration_ms=0 event=info event_type=initiate is_critical=true pending_count=0 queue_name=io_queue_manager
2026-09-05T07:21:50Z [info] drain_start duration_ms=0 event=info event_type=drain_start is_critical=false pending_count=0 queue_name=cas_orphan_cleanup_queue
2026-09-05T07:21:50Z [info] initiate duration_ms=0 event=info event_type=initiate is_critical=true pending_count=0 queue_name=io_queue_manager
2026-09-05T07:21:50Z [info] drain_start duration_ms=0 event=info event_type=drain_start is_critical=true pending_count=0 queue_name=io_queue_manager
2026-09-05T07:21:50Z [info] drain_start duration_ms=0 event=info event_type=drain_start is_critical=true pending_count=0 queue_name=hash_registry_manager
2026-09-05T07:21:50Z [info] drain_complete duration_ms=0 event=info event_type=drain_complete is_critical=true pending_count=0 queue_name=io_queue_manager
2026-09-05T07:21:50Z [info] initiate duration_ms=0 event=info event_type=initiate is_critical=true pending_count=0 queue_name=hash_registry_manager
2026-09-05T07:21:50Z [error] Command execution failed error=unauthorized: failed to load account schema: stat /Users/lanceettl/zqk-restore-clone/docs/process/_internal/object_specs/account.yaml: no such file or directory
2026-09-05T07:22:00Z [error] Operation failed caller_file=coordinator.go caller_line=134 error=unauthorized: failed to load account schema: stat /Users/lanceettl/zqk-restore-clone/docs/process/_internal/object_specs/account.yaml: no such file or directory event=error new_status=error old_status=in_progress operation_id=cli_1788592920390775000 operation_type=cli
2026-09-05T07:22:00Z [info] initiate duration_ms=0 event=info event_type=initiate is_critical=true pending_count=0 queue_name=listing_index_write_queue
2026-09-05T07:22:00Z [info] initiate duration_ms=0 event=info event_type=initiate is_critical=true pending_count=0 queue_name=hash_registry_manager
2026-09-05T07:22:00Z [info] initiate duration_ms=0 event=info event_type=initiate is_critical=false pending_count=0 queue_name=cas_orphan_cleanup_queue
2026-09-05T07:22:00Z [info] initiate duration_ms=0 event=info event_type=initiate is_critical=true pending_count=0 queue_name=io_queue_manager
2026-09-05T07:22:00Z [info] initiate duration_ms=0 event=info event_type=initiate is_critical=true pending_count=0 queue_name=listing_index_write_queue
2026-09-05T07:22:00Z [info] initiate duration_ms=0 event=info event_type=initiate is_critical=false pending_count=0 queue_name=id_generation_queue_manager
2026-09-05T07:22:00Z [info] drain_start duration_ms=0 event=info event_type=drain_start is_critical=true pending_count=0 queue_name=listing_index_write_queue
2026-09-05T07:22:00Z [info] initiate duration_ms=0 event=info event_type=initiate is_critical=true pending_count=0 queue_name=hash_registry_manager
2026-09-05T07:22:00Z [info] drain_complete duration_ms=0 event=info event_type=drain_complete is_critical=false pending_count=0 queue_name=cas_orphan_cleanup_queue
2026-09-05T07:22:00Z [info] drain_complete duration_ms=0 event=info event_type=drain_complete is_critical=true pending_count=0 queue_name=hash_registry_manager
2026-09-05T07:22:00Z [info] drain_complete duration_ms=0 event=info event_type=drain_complete is_critical=true pending_count=0 queue_name=listing_index_write_queue
2026-09-05T07:22:00Z [info] drain_complete duration_ms=0 event=info event_type=drain_complete is_critical=true pending_count=0 queue_name=hash_registry_manager
2026-09-05T07:22:00Z [info] drain_complete duration_ms=0 event=info event_type=drain_complete is_critical=false pending_count=0 queue_name=id_generation_queue_manager
2026-09-05T07:22:00Z [info] drain_start duration_ms=0 event=info event_type=drain_start is_critical=false pending_count=0 queue_name=id_generation_queue_manager
2026-09-05T07:22:00Z [info] drain_start duration_ms=0 event=info event_type=drain_start is_critical=true pending_count=0 queue_name=listing_index_write_queue
2026-09-05T07:22:00Z [info] drain_start duration_ms=0 event=info event_type=drain_start is_critical=true pending_count=0 queue_name=hash_registry_manager
2026-09-05T07:22:00Z [info] drain_start duration_ms=0 event=info event_type=drain_start is_critical=false pending_count=0 queue_name=cas_orphan_cleanup_queue
2026-09-05T07:22:00Z [info] drain_complete duration_ms=0 event=info event_type=drain_complete is_critical=true pending_count=0 queue_name=io_queue_manager
2026-09-05T07:22:00Z [info] drain_start duration_ms=0 event=info event_type=drain_start is_critical=true pending_count=0 queue_name=io_queue_manager
2026-09-05T07:22:00Z [info] drain_start duration_ms=0 event=info event_type=drain_start is_critical=true pending_count=0 queue_name=hash_registry_manager
2026-09-05T07:22:00Z [info] drain_complete duration_ms=0 event=info event_type=drain_complete is_critical=true pending_count=0 queue_name=listing_index_write_queue
2026-09-05T07:22:00Z [info] drain_complete duration_ms=0 event=info event_type=drain_complete is_critical=true pending_count=0 queue_name=io_queue_manager
2026-09-05T07:22:00Z [error] Command execution failed error=unauthorized: failed to load account schema: stat /Users/lanceettl/zqk-restore-clone/docs/process/_internal/object_specs/account.yaml: no such file or directory
2026-09-05T07:22:10Z [error] Operation failed caller_file=coordinator.go caller_line=134 error=unauthorized: failed to load account schema: stat /Users/lanceettl/zqk-restore-clone/docs/process/_internal/object_specs/account.yaml: no such file or directory event=error new_status=error old_status=in_progress operation_id=cli_1788592930495733000 operation_type=cli
2026-09-05T07:22:10Z [info] initiate duration_ms=0 event=info event_type=initiate is_critical=true pending_count=0 queue_name=io_queue_manager
2026-09-05T07:22:10Z [info] initiate duration_ms=0 event=info event_type=initiate is_critical=true pending_count=0 queue_name=hash_registry_manager
2026-09-05T07:22:10Z [info] initiate duration_ms=0 event=info event_type=initiate is_critical=true pending_count=0 queue_name=hash_registry_manager
2026-09-05T07:22:10Z [info] drain_complete duration_ms=0 event=info event_type=drain_complete is_critical=true pending_count=0 queue_name=hash_registry_manager
2026-09-05T07:22:10Z [info] initiate duration_ms=0 event=info event_type=initiate is_critical=true pending_count=0 queue_name=listing_index_write_queue
2026-09-05T07:22:10Z [info] drain_complete duration_ms=0 event=info event_type=drain_complete is_critical=true pending_count=0 queue_name=io_queue_manager
2026-09-05T07:22:10Z [info] drain_complete duration_ms=0 event=info event_type=drain_complete is_critical=true pending_count=0 queue_name=listing_index_write_queue
2026-09-05T07:22:10Z [info] drain_start duration_ms=0 event=info event_type=drain_start is_critical=true pending_count=0 queue_name=io_queue_manager
2026-09-05T07:22:10Z [info] initiate duration_ms=0 event=info event_type=initiate is_critical=true pending_count=0 queue_name=listing_index_write_queue
2026-09-05T07:22:10Z [info] drain_complete duration_ms=0 event=info event_type=drain_complete is_critical=true pending_count=0 queue_name=hash_registry_manager
2026-09-05T07:22:10Z [info] drain_start duration_ms=0 event=info event_type=drain_start is_critical=true pending_count=0 queue_name=listing_index_write_queue
2026-09-05T07:22:10Z [info] drain_complete duration_ms=0 event=info event_type=drain_complete is_critical=false pending_count=0 queue_name=id_generation_queue_manager
2026-09-05T07:22:10Z [info] drain_start duration_ms=0 event=info event_type=drain_start is_critical=true pending_count=0 queue_name=hash_registry_manager
2026-09-05T07:22:10Z [info] drain_start duration_ms=0 event=info event_type=drain_start is_critical=true pending_count=0 queue_name=hash_registry_manager
2026-09-05T07:22:10Z [info] drain_start duration_ms=0 event=info event_type=drain_start is_critical=false pending_count=0 queue_name=id_generation_queue_manager
2026-09-05T07:22:10Z [info] drain_complete duration_ms=0 event=info event_type=drain_complete is_critical=true pending_count=0 queue_name=listing_index_write_queue
2026-09-05T07:22:10Z [info] drain_start duration_ms=0 event=info event_type=drain_start is_critical=true pending_count=0 queue_name=listing_index_write_queue
2026-09-05T07:22:10Z [info] initiate duration_ms=0 event=info event_type=initiate is_critical=false pending_count=0 queue_name=cas_orphan_cleanup_queue
2026-09-05T07:22:10Z [info] drain_start duration_ms=0 event=info event_type=drain_start is_critical=false pending_count=0 queue_name=cas_orphan_cleanup_queue
2026-09-05T07:22:10Z [info] drain_start duration_ms=0 event=info event_type=drain_start is_critical=true pending_count=0 queue_name=io_queue_manager
2026-09-05T07:22:10Z [info] initiate duration_ms=0 event=info event_type=initiate is_critical=true pending_count=0 queue_name=io_queue_manager
2026-09-05T07:22:10Z [info] drain_complete duration_ms=0 event=info event_type=drain_complete is_critical=true pending_count=0 queue_name=io_queue_manager
2026-09-05T07:22:10Z [info] initiate duration_ms=0 event=info event_type=initiate is_critical=false pending_count=0 queue_name=id_generation_queue_manager
2026-09-05T07:22:10Z [info] drain_complete duration_ms=0 event=info event_type=drain_complete is_critical=false pending_count=0 queue_name=cas_orphan_cleanup_queue
2026-09-05T07:22:10Z [error] Command execution failed error=unauthorized: failed to load account schema: stat /Users/lanceettl/zqk-restore-clone/docs/process/_internal/object_specs/account.yaml: no such file or directory
2026-09-05T07:22:20Z [error] Operation failed caller_file=coordinator.go caller_line=134 error=unauthorized: failed to load account schema: stat /Users/lanceettl/zqk-restore-clone/docs/process/_internal/object_specs/account.yaml: no such file or directory event=error new_status=error old_status=in_progress operation_id=cli_1788592940573484000 operation_type=cli
2026-09-05T07:22:20Z [info] initiate duration_ms=0 event=info event_type=initiate is_critical=true pending_count=0 queue_name=listing_index_write_queue
2026-09-05T07:22:20Z [info] initiate duration_ms=0 event=info event_type=initiate is_critical=true pending_count=0 queue_name=listing_index_write_queue
2026-09-05T07:22:20Z [info] initiate duration_ms=0 event=info event_type=initiate is_critical=true pending_count=0 queue_name=io_queue_manager
2026-09-05T07:22:20Z [info] initiate duration_ms=0 event=info event_type=initiate is_critical=false pending_count=0 queue_name=cas_orphan_cleanup_queue
2026-09-05T07:22:20Z [info] initiate duration_ms=0 event=info event_type=initiate is_critical=true pending_count=0 queue_name=hash_registry_manager
2026-09-05T07:22:20Z [info] initiate duration_ms=0 event=info event_type=initiate is_critical=true pending_count=0 queue_name=io_queue_manager
2026-09-05T07:22:20Z [info] drain_start duration_ms=0 event=info event_type=drain_start is_critical=true pending_count=0 queue_name=io_queue_manager
2026-09-05T07:22:20Z [info] drain_start duration_ms=0 event=info event_type=drain_start is_critical=true pending_count=0 queue_name=io_queue_manager
2026-09-05T07:22:20Z [info] drain_complete duration_ms=0 event=info event_type=drain_complete is_critical=true pending_count=0 queue_name=io_queue_manager
2026-09-05T07:22:20Z [info] drain_complete duration_ms=0 event=info event_type=drain_complete is_critical=true pending_count=0 queue_name=listing_index_write_queue
2026-09-05T07:22:20Z [info] drain_complete duration_ms=0 event=info event_type=drain_complete is_critical=true pending_count=0 queue_name=hash_registry_manager
2026-09-05T07:22:20Z [info] drain_start duration_ms=0 event=info event_type=drain_start is_critical=false pending_count=0 queue_name=cas_orphan_cleanup_queue
2026-09-05T07:22:20Z [info] drain_start duration_ms=0 event=info event_type=drain_start is_critical=true pending_count=0 queue_name=hash_registry_manager
2026-09-05T07:22:20Z [info] drain_complete duration_ms=0 event=info event_type=drain_complete is_critical=false pending_count=0 queue_name=id_generation_queue_manager
2026-09-05T07:22:20Z [info] initiate duration_ms=0 event=info event_type=initiate is_critical=false pending_count=0 queue_name=id_generation_queue_manager
2026-09-05T07:22:20Z [info] initiate duration_ms=0 event=info event_type=initiate is_critical=true pending_count=0 queue_name=hash_registry_manager
2026-09-05T07:22:20Z [info] drain_complete duration_ms=0 event=info event_type=drain_complete is_critical=false pending_count=0 queue_name=cas_orphan_cleanup_queue
2026-09-05T07:22:20Z [info] drain_start duration_ms=0 event=info event_type=drain_start is_critical=true pending_count=0 queue_name=listing_index_write_queue
2026-09-05T07:22:20Z [info] drain_complete duration_ms=0 event=info event_type=drain_complete is_critical=true pending_count=0 queue_name=listing_index_write_queue
2026-09-05T07:22:20Z [error] Command execution failed error=unauthorized: failed to load account schema: stat /Users/lanceettl/zqk-restore-clone/docs/process/_internal/object_specs/account.yaml: no such file or directory
2026-09-05T07:22:30Z [error] Operation failed caller_file=coordinator.go caller_line=134 error=unauthorized: failed to load account schema: stat /Users/lanceettl/zqk-restore-clone/docs/process/_internal/object_specs/account.yaml: no such file or directory event=error new_status=error old_status=in_progress operation_id=cli_1788592950653184000 operation_type=cli
2026-09-05T07:22:30Z [info] drain_complete duration_ms=0 event=info event_type=drain_complete is_critical=true pending_count=0 queue_name=listing_index_write_queue
2026-09-05T07:22:30Z [info] initiate duration_ms=0 event=info event_type=initiate is_critical=true pending_count=0 queue_name=hash_registry_manager
2026-09-05T07:22:30Z [info] drain_start duration_ms=0 event=info event_type=drain_start is_critical=true pending_count=0 queue_name=listing_index_write_queue
2026-09-05T07:22:30Z [info] initiate duration_ms=0 event=info event_type=initiate is_critical=true pending_count=0 queue_name=hash_registry_manager
2026-09-05T07:22:30Z [info] initiate duration_ms=0 event=info event_type=initiate is_critical=false pending_count=0 queue_name=cas_orphan_cleanup_queue
2026-09-05T07:22:30Z [info] drain_complete duration_ms=0 event=info event_type=drain_complete is_critical=false pending_count=0 queue_name=cas_orphan_cleanup_queue
2026-09-05T07:22:30Z [info] initiate duration_ms=0 event=info event_type=initiate is_critical=false pending_count=0 queue_name=id_generation_queue_manager
2026-09-05T07:22:30Z [info] initiate duration_ms=0 event=info event_type=initiate is_critical=true pending_count=0 queue_name=listing_index_write_queue
2026-09-05T07:22:30Z [info] initiate duration_ms=0 event=info event_type=initiate is_critical=true pending_count=0 queue_name=io_queue_manager
2026-09-05T07:22:30Z [info] drain_complete duration_ms=0 event=info event_type=drain_complete is_critical=true pending_count=0 queue_name=listing_index_write_queue
2026-09-05T07:22:30Z [info] drain_start duration_ms=0 event=info event_type=drain_start is_critical=false pending_count=0 queue_name=cas_orphan_cleanup_queue
2026-09-05T07:22:30Z [info] drain_start duration_ms=0 event=info event_type=drain_start is_critical=true pending_count=0 queue_name=listing_index_write_queue
2026-09-05T07:22:30Z [info] initiate duration_ms=0 event=info event_type=initiate is_critical=true pending_count=0 queue_name=listing_index_write_queue
2026-09-05T07:22:30Z [info] drain_start duration_ms=0 event=info event_type=drain_start is_critical=true pending_count=0 queue_name=io_queue_manager
2026-09-05T07:22:30Z [info] drain_complete duration_ms=0 event=info event_type=drain_complete is_critical=true pending_count=0 queue_name=io_queue_manager
2026-09-05T07:22:30Z [info] drain_start duration_ms=0 event=info event_type=drain_start is_critical=true pending_count=0 queue_name=hash_registry_manager
2026-09-05T07:22:30Z [info] drain_complete duration_ms=0 event=info event_type=drain_complete is_critical=true pending_count=0 queue_name=io_queue_manager
2026-09-05T07:22:30Z [info] drain_start duration_ms=0 event=info event_type=drain_start is_critical=true pending_count=0 queue_name=io_queue_manager
2026-09-05T07:22:30Z [info] drain_complete duration_ms=0 event=info event_type=drain_complete is_critical=false pending_count=0 queue_name=id_generation_queue_manager
2026-09-05T07:22:30Z [info] drain_complete duration_ms=0 event=info event_type=drain_complete is_critical=true pending_count=0 queue_name=hash_registry_manager
2026-09-05T07:22:30Z [info] drain_start duration_ms=0 event=info event_type=drain_start is_critical=true pending_count=0 queue_name=hash_registry_manager
2026-09-05T07:22:30Z [info] initiate duration_ms=0 event=info event_type=initiate is_critical=true pending_count=0 queue_name=io_queue_manager
2026-09-05T07:22:30Z [info] drain_complete duration_ms=0 event=info event_type=drain_complete is_critical=true pending_count=0 queue_name=hash_registry_manager
2026-09-05T07:22:30Z [info] drain_start duration_ms=0 event=info event_type=drain_start is_critical=false pending_count=0 queue_name=id_generation_queue_manager
2026-09-05T07:22:30Z [info] shutdown_complete duration_ms=0 event=info event_type=shutdown_complete is_critical=false pending_count=0 queue_name=all_queues
2026-09-05T07:22:30Z [error] Command execution failed error=unauthorized: failed to load account schema: stat /Users/lanceettl/zqk-restore-clone/docs/process/_internal/object_specs/account.yaml: no such file or directory
2026-09-05T07:22:40Z [error] Operation failed caller_file=coordinator.go caller_line=134 error=unauthorized: failed to load account schema: stat /Users/lanceettl/zqk-restore-clone/docs/process/_internal/object_specs/account.yaml: no such file or directory event=error new_status=error old_status=in_progress operation_id=cli_1788592960737607000 operation_type=cli
2026-09-05T07:22:40Z [info] initiate duration_ms=0 event=info event_type=initiate is_critical=true pending_count=0 queue_name=listing_index_write_queue
2026-09-05T07:22:40Z [info] initiate duration_ms=0 event=info event_type=initiate is_critical=true pending_count=0 queue_name=listing_index_write_queue
2026-09-05T07:22:40Z [info] initiate duration_ms=0 event=info event_type=initiate is_critical=false pending_count=0 queue_name=cas_orphan_cleanup_queue
2026-09-05T07:22:40Z [info] drain_complete duration_ms=0 event=info event_type=drain_complete is_critical=true pending_count=0 queue_name=io_queue_manager
2026-09-05T07:22:40Z [info] drain_complete duration_ms=0 event=info event_type=drain_complete is_critical=true pending_count=0 queue_name=listing_index_write_queue
2026-09-05T07:22:40Z [info] drain_start duration_ms=0 event=info event_type=drain_start is_critical=true pending_count=0 queue_name=listing_index_write_queue
2026-09-05T07:22:40Z [info] drain_complete duration_ms=0 event=info event_type=drain_complete is_critical=false pending_count=0 queue_name=cas_orphan_cleanup_queue
2026-09-05T07:22:40Z [info] drain_complete duration_ms=0 event=info event_type=drain_complete is_critical=true pending_count=0 queue_name=listing_index_write_queue
2026-09-05T07:22:40Z [info] drain_start duration_ms=0 event=info event_type=drain_start is_critical=true pending_count=0 queue_name=listing_index_write_queue
2026-09-05T07:22:40Z [info] drain_start duration_ms=0 event=info event_type=drain_start is_critical=false pending_count=0 queue_name=cas_orphan_cleanup_queue
2026-09-05T07:22:40Z [info] drain_start duration_ms=0 event=info event_type=drain_start is_critical=true pending_count=0 queue_name=io_queue_manager
2026-09-05T07:22:40Z [info] initiate duration_ms=0 event=info event_type=initiate is_critical=false pending_count=0 queue_name=id_generation_queue_manager
2026-09-05T07:22:40Z [info] initiate duration_ms=0 event=info event_type=initiate is_critical=true pending_count=0 queue_name=io_queue_manager
2026-09-05T07:22:40Z [info] initiate duration_ms=0 event=info event_type=initiate is_critical=true pending_count=0 queue_name=io_queue_manager
2026-09-05T07:22:40Z [info] drain_complete duration_ms=0 event=info event_type=drain_complete is_critical=true pending_count=0 queue_name=hash_registry_manager
2026-09-05T07:22:40Z [info] drain_complete duration_ms=0 event=info event_type=drain_complete is_critical=true pending_count=0 queue_name=io_queue_manager
2026-09-05T07:22:40Z [info] initiate duration_ms=0 event=info event_type=initiate is_critical=true pending_count=0 queue_name=hash_registry_manager
2026-09-05T07:22:40Z [info] initiate duration_ms=0 event=info event_type=initiate is_critical=true pending_count=0 queue_name=hash_registry_manager
2026-09-05T07:22:40Z [info] drain_complete duration_ms=0 event=info event_type=drain_complete is_critical=false pending_count=0 queue_name=id_generation_queue_manager
2026-09-05T07:22:40Z [info] drain_complete duration_ms=0 event=info event_type=drain_complete is_critical=true pending_count=0 queue_name=hash_registry_manager
2026-09-05T07:22:40Z [info] drain_start duration_ms=0 event=info event_type=drain_start is_critical=false pending_count=0 queue_name=id_generation_queue_manager
2026-09-05T07:22:40Z [error] Command execution failed error=unauthorized: failed to load account schema: stat /Users/lanceettl/zqk-restore-clone/docs/process/_internal/object_specs/account.yaml: no such file or directory
2026-09-05T07:22:50Z [error] Operation failed caller_file=coordinator.go caller_line=134 error=unauthorized: failed to load account schema: stat /Users/lanceettl/zqk-restore-clone/docs/process/_internal/object_specs/account.yaml: no such file or directory event=error new_status=error old_status=in_progress operation_id=cli_1788592970843904000 operation_type=cli
2026-09-05T07:22:50Z [info] initiate duration_ms=0 event=info event_type=initiate is_critical=true pending_count=0 queue_name=listing_index_write_queue
2026-09-05T07:22:50Z [info] initiate duration_ms=0 event=info event_type=initiate is_critical=true pending_count=0 queue_name=hash_registry_manager
2026-09-05T07:22:50Z [info] initiate duration_ms=0 event=info event_type=initiate is_critical=false pending_count=0 queue_name=cas_orphan_cleanup_queue
2026-09-05T07:22:50Z [info] initiate duration_ms=0 event=info event_type=initiate is_critical=true pending_count=0 queue_name=io_queue_manager
2026-09-05T07:22:50Z [info] drain_complete duration_ms=0 event=info event_type=drain_complete is_critical=true pending_count=0 queue_name=listing_index_write_queue
2026-09-05T07:22:50Z [info] drain_complete duration_ms=0 event=info event_type=drain_complete is_critical=false pending_count=0 queue_name=cas_orphan_cleanup_queue
2026-09-05T07:22:50Z [info] drain_start duration_ms=0 event=info event_type=drain_start is_critical=true pending_count=0 queue_name=io_queue_manager
2026-09-05T07:22:50Z [info] initiate duration_ms=0 event=info event_type=initiate is_critical=true pending_count=0 queue_name=hash_registry_manager
2026-09-05T07:22:50Z [info] initiate duration_ms=0 event=info event_type=initiate is_critical=false pending_count=0 queue_name=id_generation_queue_manager
2026-09-05T07:22:50Z [info] drain_complete duration_ms=0 event=info event_type=drain_complete is_critical=true pending_count=0 queue_name=listing_index_write_queue
2026-09-05T07:22:50Z [info] drain_start duration_ms=0 event=info event_type=drain_start is_critical=true pending_count=0 queue_name=listing_index_write_queue
2026-09-05T07:22:50Z [info] drain_complete duration_ms=0 event=info event_type=drain_complete is_critical=true pending_count=0 queue_name=hash_registry_manager
2026-09-05T07:22:50Z [info] drain_complete duration_ms=0 event=info event_type=drain_complete is_critical=true pending_count=0 queue_name=hash_registry_manager
2026-09-05T07:22:50Z [info] drain_complete duration_ms=0 event=info event_type=drain_complete is_critical=true pending_count=0 queue_name=io_queue_manager
2026-09-05T07:22:50Z [info] initiate duration_ms=0 event=info event_type=initiate is_critical=true pending_count=0 queue_name=io_queue_manager
2026-09-05T07:22:50Z [info] drain_start duration_ms=0 event=info event_type=drain_start is_critical=true pending_count=0 queue_name=hash_registry_manager
2026-09-05T07:22:50Z [info] drain_start duration_ms=0 event=info event_type=drain_start is_critical=false pending_count=0 queue_name=id_generation_queue_manager
2026-09-05T07:22:50Z [info] drain_complete duration_ms=0 event=info event_type=drain_complete is_critical=false pending_count=0 queue_name=id_generation_queue_manager
2026-09-05T07:22:50Z [info] drain_start duration_ms=0 event=info event_type=drain_start is_critical=true pending_count=0 queue_name=listing_index_write_queue
2026-09-05T07:22:50Z [info] drain_start duration_ms=0 event=info event_type=drain_start is_critical=false pending_count=0 queue_name=cas_orphan_cleanup_queue
2026-09-05T07:22:50Z [info] shutdown_complete duration_ms=0 event=info event_type=shutdown_complete is_critical=false pending_count=0 queue_name=all_queues
2026-09-05T07:22:50Z [info] drain_complete duration_ms=0 event=info event_type=drain_complete is_critical=true pending_count=0 queue_name=io_queue_manager
2026-09-05T07:22:50Z [info] initiate duration_ms=0 event=info event_type=initiate is_critical=true pending_count=0 queue_name=listing_index_write_queue
2026-09-05T07:22:50Z [info] drain_start duration_ms=0 event=info event_type=drain_start is_critical=true pending_count=0 queue_name=io_queue_manager
2026-09-05T07:22:50Z [info] drain_start duration_ms=0 event=info event_type=drain_start is_critical=true pending_count=0 queue_name=hash_registry_manager
2026-09-05T07:22:50Z [error] Command execution failed error=unauthorized: failed to load account schema: stat /Users/lanceettl/zqk-restore-clone/docs/process/_internal/object_specs/account.yaml: no such file or directory
2026-09-05T07:23:00Z [error] Operation failed caller_file=coordinator.go caller_line=134 error=unauthorized: failed to load account schema: stat /Users/lanceettl/zqk-restore-clone/docs/process/_internal/object_specs/account.yaml: no such file or directory event=error new_status=error old_status=in_progress operation_id=cli_1788592980923235000 operation_type=cli
2026-09-05T07:23:00Z [info] initiate duration_ms=0 event=info event_type=initiate is_critical=true pending_count=0 queue_name=listing_index_write_queue
2026-09-05T07:23:00Z [info] initiate duration_ms=0 event=info event_type=initiate is_critical=true pending_count=0 queue_name=listing_index_write_queue
2026-09-05T07:23:00Z [info] drain_complete duration_ms=0 event=info event_type=drain_complete is_critical=true pending_count=0 queue_name=listing_index_write_queue
2026-09-05T07:23:00Z [info] initiate duration_ms=0 event=info event_type=initiate is_critical=true pending_count=0 queue_name=io_queue_manager
2026-09-05T07:23:00Z [info] drain_complete duration_ms=0 event=info event_type=drain_complete is_critical=false pending_count=0 queue_name=cas_orphan_cleanup_queue
2026-09-05T07:23:00Z [info] initiate duration_ms=0 event=info event_type=initiate is_critical=true pending_count=0 queue_name=hash_registry_manager
2026-09-05T07:23:00Z [info] initiate duration_ms=0 event=info event_type=initiate is_critical=false pending_count=0 queue_name=cas_orphan_cleanup_queue
2026-09-05T07:23:00Z [info] drain_complete duration_ms=0 event=info event_type=drain_complete is_critical=true pending_count=0 queue_name=hash_registry_manager
2026-09-05T07:23:00Z [info] drain_complete duration_ms=0 event=info event_type=drain_complete is_critical=true pending_count=0 queue_name=hash_registry_manager
2026-09-05T07:23:00Z [info] drain_start duration_ms=0 event=info event_type=drain_start is_critical=true pending_count=0 queue_name=io_queue_manager
2026-09-05T07:23:00Z [info] initiate duration_ms=0 event=info event_type=initiate is_critical=true pending_count=0 queue_name=hash_registry_manager
2026-09-05T07:23:00Z [info] drain_start duration_ms=0 event=info event_type=drain_start is_critical=false pending_count=0 queue_name=cas_orphan_cleanup_queue
2026-09-05T07:23:00Z [info] drain_start duration_ms=0 event=info event_type=drain_start is_critical=true pending_count=0 queue_name=listing_index_write_queue
2026-09-05T07:23:00Z [info] drain_complete duration_ms=0 event=info event_type=drain_complete is_critical=true pending_count=0 queue_name=io_queue_manager
2026-09-05T07:23:00Z [info] drain_start duration_ms=0 event=info event_type=drain_start is_critical=true pending_count=0 queue_name=io_queue_manager
2026-09-05T07:23:00Z [info] drain_complete duration_ms=0 event=info event_type=drain_complete is_critical=true pending_count=0 queue_name=io_queue_manager
2026-09-05T07:23:00Z [info] drain_start duration_ms=0 event=info event_type=drain_start is_critical=true pending_count=0 queue_name=hash_registry_manager
2026-09-05T07:23:00Z [info] drain_complete duration_ms=0 event=info event_type=drain_complete is_critical=false pending_count=0 queue_name=id_generation_queue_manager
2026-09-05T07:23:00Z [info] drain_start duration_ms=0 event=info event_type=drain_start is_critical=true pending_count=0 queue_name=hash_registry_manager
2026-09-05T07:23:00Z [error] Command execution failed error=unauthorized: failed to load account schema: stat /Users/lanceettl/zqk-restore-clone/docs/process/_internal/object_specs/account.yaml: no such file or directory
